Feb 14 01:11:00 gremlin-1 exo[1143694]: [ 01:11:00.268 | DEBUG    | exo.master.api:_log_requests:199 ] API request: GET /state
Feb 14 01:11:00 gremlin-1 exo[1143694]: [ 01:11:00.285 | DEBUG    | exo.worker.main:_forward_events:339 ] Worker published event 97: NodeGatheredInfo(event_id='ca518657-3b09-4b28-a8cf-2b101dc2287a' node_id='12D3KooWC744SKP9gHWpWVAYSR
Feb 14 01:11:00 gremlin-1 exo[1143694]: [ 01:11:00.286 | DEBUG    | exo.master.main:_event_processor:386 ] Master indexing event: NodeGatheredInfo(event_id='ca518657-3b09-4b28-a8cf-2b101dc2287a' node_id='12D3KooWC744SKP9gHWpWVAYSR
Feb 14 01:11:01 gremlin-1 exo[1143694]: [ 01:11:01.287 | DEBUG    | exo.worker.main:_forward_events:339 ] Worker published event 98: NodeGatheredInfo(event_id='e3edb972-5129-459f-80b2-58e3569e2bda' node_id='12D3KooWC744SKP9gHWpWVAYSR
Feb 14 01:11:01 gremlin-1 exo[1143694]: [ 01:11:01.289 | DEBUG    | exo.master.main:_event_processor:386 ] Master indexing event: NodeGatheredInfo(event_id='e3edb972-5129-459f-80b2-58e3569e2bda' node_id='12D3KooWC744SKP9gHWpWVAYSR
Feb 14 01:11:01 gremlin-1 exo[1143694]: [ 01:11:01.353 | DEBUG    | exo.master.api:_log_requests:199 ] API request: GET /state
Feb 14 01:11:02 gremlin-1 exo[1143694]: [ 01:11:02.288 | DEBUG    | exo.worker.main:_forward_events:339 ] Worker published event 99: NodeGatheredInfo(event_id='6abec79b-33f3-47c5-b96e-21a9c952ac24' node_id='12D3KooWC744SKP9gHWpWVAYSR
Feb 14 01:11:02 gremlin-1 exo[1143694]: [ 01:11:02.288 | DEBUG    | exo.master.main:_event_processor:386 ] Master indexing event: NodeGatheredInfo(event_id='6abec79b-33f3-47c5-b96e-21a9c952ac24' node_id='12D3KooWC744SKP9gHWpWVAYSR
Feb 14 01:11:02 gremlin-1 exo[1143694]: [ 01:11:02.352 | DEBUG    | exo.master.api:_log_requests:199 ] API request: GET /state
Feb 14 01:11:03 gremlin-1 exo[1143694]: [ 01:11:03.289 | DEBUG    | exo.worker.main:_forward_events:339 ] Worker published event 100: NodeGatheredInfo(event_id='e2db1011-08bf-4e30-a572-882382e86269' node_id='12D3KooWC744SKP9gHWpWVAYSR
Feb 14 01:11:03 gremlin-1 exo[1143694]: [ 01:11:03.289 | DEBUG    | exo.master.main:_event_processor:386 ] Master indexing event: NodeGatheredInfo(event_id='e2db1011-08bf-4e30-a572-882382e86269' node_id='12D3KooWC744SKP9gHWpWVAYSR
Feb 14 01:11:03 gremlin-1 exo[1143694]: [ 01:11:03.353 | DEBUG    | exo.master.api:_log_requests:199 ] API request: GET /state
Feb 14 01:11:04 gremlin-1 exo[1143694]: [ 01:11:04.289 | DEBUG    | exo.worker.main:_forward_events:339 ] Worker published event 101: NodeGatheredInfo(event_id='6535a007-fd15-479c-9ef3-1dbb6b9bbcd1' node_id='12D3KooWC744SKP9gHWpWVAYSR
Feb 14 01:11:04 gremlin-1 exo[1143694]: [ 01:11:04.290 | DEBUG    | exo.master.main:_event_processor:386 ] Master indexing event: NodeGatheredInfo(event_id='6535a007-fd15-479c-9ef3-1dbb6b9bbcd1' node_id='12D3KooWC744SKP9gHWpWVAYSR
Feb 14 01:11:04 gremlin-1 exo[1143694]: [ 01:11:04.356 | DEBUG    | exo.master.api:_log_requests:199 ] API request: GET /state
Feb 14 01:11:05 gremlin-1 exo[1143694]: [ 01:11:05.272 | DEBUG    | exo.worker.main:_forward_events:339 ] Worker published event 102: NodeGatheredInfo(event_id='3d21832c-1eb1-4b1a-afb0-08581bf25abb' node_id='12D3KooWC744SKP9gHWpWVAYSR
Feb 14 01:11:05 gremlin-1 exo[1143694]: [ 01:11:05.274 | DEBUG    | exo.master.main:_event_processor:386 ] Master indexing event: NodeGatheredInfo(event_id='3d21832c-1eb1-4b1a-afb0-08581bf25abb' node_id='12D3KooWC744SKP9gHWpWVAYSR
Feb 14 01:11:05 gremlin-1 exo[1143694]: [ 01:11:05.292 | DEBUG    | exo.worker.main:_forward_events:339 ] Worker published event 103: NodeGatheredInfo(event_id='0c99d4c8-fbce-4e72-8644-c3e7e57e6dd7' node_id='12D3KooWC744SKP9gHWpWVAYSR
Feb 14 01:11:05 gremlin-1 exo[1143694]: [ 01:11:05.292 | DEBUG    | exo.master.main:_event_processor:386 ] Master indexing event: NodeGatheredInfo(event_id='0c99d4c8-fbce-4e72-8644-c3e7e57e6dd7' node_id='12D3KooWC744SKP9gHWpWVAYSR
Feb 14 01:11:05 gremlin-1 exo[1143694]: [ 01:11:05.355 | DEBUG    | exo.master.api:_log_requests:199 ] API request: GET /state
Feb 14 01:11:06 gremlin-1 exo[1143694]: [ 01:11:06.292 | DEBUG    | exo.worker.main:_forward_events:339 ] Worker published event 104: NodeGatheredInfo(event_id='b7220ab7-203a-4bb9-84de-baa52008fc83' node_id='12D3KooWC744SKP9gHWpWVAYSR
Feb 14 01:11:06 gremlin-1 exo[1143694]: [ 01:11:06.293 | DEBUG    | exo.master.main:_event_processor:386 ] Master indexing event: NodeGatheredInfo(event_id='b7220ab7-203a-4bb9-84de-baa52008fc83' node_id='12D3KooWC744SKP9gHWpWVAYSR
Feb 14 01:11:06 gremlin-1 exo[1143694]: [ 01:11:06.357 | DEBUG    | exo.master.api:_log_requests:199 ] API request: GET /state
Feb 14 01:11:07 gremlin-1 exo[1143694]: [ 01:11:07.293 | DEBUG    | exo.worker.main:_forward_events:339 ] Worker published event 105: NodeGatheredInfo(event_id='35ec3e8a-bb61-4b1e-8819-6d0fa1519cf4' node_id='12D3KooWC744SKP9gHWpWVAYSR
Feb 14 01:11:07 gremlin-1 exo[1143694]: [ 01:11:07.294 | DEBUG    | exo.master.main:_event_processor:386 ] Master indexing event: NodeGatheredInfo(event_id='35ec3e8a-bb61-4b1e-8819-6d0fa1519cf4' node_id='12D3KooWC744SKP9gHWpWVAYSR
Feb 14 01:11:07 gremlin-1 exo[1143694]: [ 01:11:07.461 | DEBUG    | exo.master.api:_log_requests:199 ] API request: GET /state
Feb 14 01:11:08 gremlin-1 exo[1143694]: [ 01:11:08.294 | DEBUG    | exo.worker.main:_forward_events:339 ] Worker published event 106: NodeGatheredInfo(event_id='1afb4bf8-9ca6-4db8-bbd4-75b786c06dd1' node_id='12D3KooWC744SKP9gHWpWVAYSR
Feb 14 01:11:08 gremlin-1 exo[1143694]: [ 01:11:08.294 | DEBUG    | exo.master.main:_event_processor:386 ] Master indexing event: NodeGatheredInfo(event_id='1afb4bf8-9ca6-4db8-bbd4-75b786c06dd1' node_id='12D3KooWC744SKP9gHWpWVAYSR
Feb 14 01:11:08 gremlin-1 exo[1143694]: [ 01:11:08.460 | DEBUG    | exo.master.api:_log_requests:199 ] API request: GET /state
Feb 14 01:11:09 gremlin-1 exo[1143694]: [ 01:11:09.295 | DEBUG    | exo.worker.main:_forward_events:339 ] Worker published event 107: NodeGatheredInfo(event_id='2f9786ef-fbf4-4884-8808-e4712b7a5699' node_id='12D3KooWC744SKP9gHWpWVAYSR
Feb 14 01:11:09 gremlin-1 exo[1143694]: [ 01:11:09.296 | DEBUG    | exo.master.main:_event_processor:386 ] Master indexing event: NodeGatheredInfo(event_id='2f9786ef-fbf4-4884-8808-e4712b7a5699' node_id='12D3KooWC744SKP9gHWpWVAYSR
Feb 14 01:11:09 gremlin-1 exo[1143694]: [ 01:11:09.461 | DEBUG    | exo.master.api:_log_requests:199 ] API request: GET /state
Feb 14 01:11:10 gremlin-1 exo[1143694]: [ 01:11:10.296 | DEBUG    | exo.worker.main:_forward_events:339 ] Worker published event 108: NodeGatheredInfo(event_id='3b8bede9-102f-443f-b713-076cf357560b' node_id='12D3KooWC744SKP9gHWpWVAYSR
Feb 14 01:11:10 gremlin-1 exo[1143694]: [ 01:11:10.297 | DEBUG    | exo.master.main:_event_processor:386 ] Master indexing event: NodeGatheredInfo(event_id='3b8bede9-102f-443f-b713-076cf357560b' node_id='12D3KooWC744SKP9gHWpWVAYSR
Feb 14 01:11:10 gremlin-1 exo[1143694]: [ 01:11:10.474 | DEBUG    | exo.master.api:_log_requests:199 ] API request: GET /state
Feb 14 01:11:11 gremlin-1 exo[1143694]: [ 01:11:11.297 | DEBUG    | exo.worker.main:_forward_events:339 ] Worker published event 109: NodeGatheredInfo(event_id='cc9c2489-f46a-479f-af2d-70b2869da993' node_id='12D3KooWC744SKP9gHWpWVAYSR
Feb 14 01:11:11 gremlin-1 exo[1143694]: [ 01:11:11.298 | DEBUG    | exo.master.main:_event_processor:386 ] Master indexing event: NodeGatheredInfo(event_id='cc9c2489-f46a-479f-af2d-70b2869da993' node_id='12D3KooWC744SKP9gHWpWVAYSR
Feb 14 01:11:11 gremlin-1 exo[1143694]: [ 01:11:11.562 | DEBUG    | exo.master.api:_log_requests:199 ] API request: GET /state
Feb 14 01:11:12 gremlin-1 exo[1143694]: [ 01:11:12.065 | DEBUG    | exo.master.api:_log_requests:199 ] API request: POST /v1/chat/completions
Feb 14 01:11:12 gremlin-1 exo[1143694]: [ 01:11:12.066 | WARNING  | exo.master.api:_trigger_notify_user_to_download_model:615 ] TODO: we should send a notification to the user to download the model
Feb 14 01:11:12 gremlin-1 exo[1143694]: [ 01:11:12.299 | DEBUG    | exo.worker.main:_forward_events:339 ] Worker published event 110: NodeGatheredInfo(event_id='bd479dd2-3f57-42ae-a8b3-0482812af481' node_id='12D3KooWC744SKP9gHWpWVAYSR
Feb 14 01:11:12 gremlin-1 exo[1143694]: [ 01:11:12.299 | DEBUG    | exo.master.main:_event_processor:386 ] Master indexing event: NodeGatheredInfo(event_id='bd479dd2-3f57-42ae-a8b3-0482812af481' node_id='12D3KooWC744SKP9gHWpWVAYSR
Feb 14 01:11:12 gremlin-1 exo[1143694]: [ 01:11:12.350 | DEBUG    | exo.master.api:_log_requests:199 ] API request: GET /instance/previews
Feb 14 01:11:12 gremlin-1 exo[1143694]: [ 01:11:12.572 | DEBUG    | exo.master.api:_log_requests:199 ] API request: GET /state
Feb 14 01:11:13 gremlin-1 exo[1143694]: [ 01:11:13.300 | DEBUG    | exo.worker.main:_forward_events:339 ] Worker published event 111: NodeGatheredInfo(event_id='2a4d5d6c-7730-407b-b167-e16ea0729087' node_id='12D3KooWC744SKP9gHWpWVAYSR
Feb 14 01:11:13 gremlin-1 exo[1143694]: [ 01:11:13.301 | DEBUG    | exo.master.main:_event_processor:386 ] Master indexing event: NodeGatheredInfo(event_id='2a4d5d6c-7730-407b-b167-e16ea0729087' node_id='12D3KooWC744SKP9gHWpWVAYSR
Feb 14 01:11:13 gremlin-1 exo[1143694]: [ 01:11:13.562 | DEBUG    | exo.master.api:_log_requests:199 ] API request: GET /state
Feb 14 01:11:14 gremlin-1 exo[1143694]: [ 01:11:14.302 | DEBUG    | exo.worker.main:_forward_events:339 ] Worker published event 112: NodeGatheredInfo(event_id='4d1208f5-55e2-4ae1-84db-45925b6dc58f' node_id='12D3KooWC744SKP9gHWpWVAYSR
Feb 14 01:11:14 gremlin-1 exo[1143694]: [ 01:11:14.302 | DEBUG    | exo.master.main:_event_processor:386 ] Master indexing event: NodeGatheredInfo(event_id='4d1208f5-55e2-4ae1-84db-45925b6dc58f' node_id='12D3KooWC744SKP9gHWpWVAYSR
Feb 14 01:11:14 gremlin-1 exo[1143694]: [ 01:11:14.563 | DEBUG    | exo.master.api:_log_requests:199 ] API request: GET /state
Feb 14 01:11:15 gremlin-1 exo[1143694]: [ 01:11:15.288 | DEBUG    | exo.worker.main:_forward_events:339 ] Worker published event 113: NodeGatheredInfo(event_id='9fff86a7-37df-4af8-a501-f63270543dd7' node_id='12D3KooWC744SKP9gHWpWVAYSR
Feb 14 01:11:15 gremlin-1 exo[1143694]: [ 01:11:15.290 | DEBUG    | exo.master.main:_event_processor:386 ] Master indexing event: NodeGatheredInfo(event_id='9fff86a7-37df-4af8-a501-f63270543dd7' node_id='12D3KooWC744SKP9gHWpWVAYSR
Feb 14 01:11:15 gremlin-1 exo[1143694]: [ 01:11:15.304 | DEBUG    | exo.worker.main:_forward_events:339 ] Worker published event 114: NodeGatheredInfo(event_id='3312590c-29c4-439a-8660-80e2b2a58a43' node_id='12D3KooWC744SKP9gHWpWVAYSR
Feb 14 01:11:15 gremlin-1 exo[1143694]: [ 01:11:15.305 | DEBUG    | exo.master.main:_event_processor:386 ] Master indexing event: NodeGatheredInfo(event_id='3312590c-29c4-439a-8660-80e2b2a58a43' node_id='12D3KooWC744SKP9gHWpWVAYSR
Feb 14 01:11:15 gremlin-1 exo[1143694]: [ 01:11:15.662 | DEBUG    | exo.master.api:_log_requests:199 ] API request: GET /state
Feb 14 01:11:16 gremlin-1 exo[1143694]: [ 01:11:16.304 | DEBUG    | exo.worker.main:_forward_events:339 ] Worker published event 115: NodeGatheredInfo(event_id='ab7faf01-3b41-435f-8d41-40f71b2588fc' node_id='12D3KooWC744SKP9gHWpWVAYSR
Feb 14 01:11:16 gremlin-1 exo[1143694]: [ 01:11:16.305 | DEBUG    | exo.master.main:_event_processor:386 ] Master indexing event: NodeGatheredInfo(event_id='ab7faf01-3b41-435f-8d41-40f71b2588fc' node_id='12D3KooWC744SKP9gHWpWVAYSR
Feb 14 01:11:16 gremlin-1 exo[1143694]: [ 01:11:16.662 | DEBUG    | exo.master.api:_log_requests:199 ] API request: GET /state
Feb 14 01:11:17 gremlin-1 exo[1143694]: [ 01:11:17.306 | DEBUG    | exo.worker.main:_forward_events:339 ] Worker published event 116: NodeGatheredInfo(event_id='d9007ecb-d368-4fa9-8310-54f3d4044ee5' node_id='12D3KooWC744SKP9gHWpWVAYSR
Feb 14 01:11:17 gremlin-1 exo[1143694]: [ 01:11:17.306 | DEBUG    | exo.master.main:_event_processor:386 ] Master indexing event: NodeGatheredInfo(event_id='d9007ecb-d368-4fa9-8310-54f3d4044ee5' node_id='12D3KooWC744SKP9gHWpWVAYSR
Feb 14 01:11:17 gremlin-1 exo[1143694]: [ 01:11:17.662 | DEBUG    | exo.master.api:_log_requests:199 ] API request: GET /state
Feb 14 01:11:18 gremlin-1 exo[1143694]: [ 01:11:18.307 | DEBUG    | exo.worker.main:_forward_events:339 ] Worker published event 117: NodeGatheredInfo(event_id='283ed01f-af35-4607-bfad-aec5d3c47381' node_id='12D3KooWC744SKP9gHWpWVAYSR
Feb 14 01:11:18 gremlin-1 exo[1143694]: [ 01:11:18.308 | DEBUG    | exo.master.main:_event_processor:386 ] Master indexing event: NodeGatheredInfo(event_id='283ed01f-af35-4607-bfad-aec5d3c47381' node_id='12D3KooWC744SKP9gHWpWVAYSR
Feb 14 01:11:18 gremlin-1 exo[1143694]: [ 01:11:18.672 | DEBUG    | exo.master.api:_log_requests:199 ] API request: GET /state
Feb 14 01:11:19 gremlin-1 exo[1143694]: [ 01:11:19.308 | DEBUG    | exo.worker.main:_forward_events:339 ] Worker published event 118: NodeGatheredInfo(event_id='d23b2645-54c9-48d4-b95a-a85282322f28' node_id='12D3KooWC744SKP9gHWpWVAYSR
Feb 14 01:11:19 gremlin-1 exo[1143694]: [ 01:11:19.309 | DEBUG    | exo.master.main:_event_processor:386 ] Master indexing event: NodeGatheredInfo(event_id='d23b2645-54c9-48d4-b95a-a85282322f28' node_id='12D3KooWC744SKP9gHWpWVAYSR
Feb 14 01:11:19 gremlin-1 exo[1143694]: [ 01:11:19.762 | DEBUG    | exo.master.api:_log_requests:199 ] API request: GET /state
Feb 14 01:11:20 gremlin-1 exo[1143694]: [ 01:11:20.308 | DEBUG    | exo.worker.main:_forward_events:339 ] Worker published event 119: NodeGatheredInfo(event_id='1359f0ca-b551-4e9a-962c-08802422a855' node_id='12D3KooWC744SKP9gHWpWVAYSR
Feb 14 01:11:20 gremlin-1 exo[1143694]: [ 01:11:20.309 | DEBUG    | exo.master.main:_event_processor:386 ] Master indexing event: NodeGatheredInfo(event_id='1359f0ca-b551-4e9a-962c-08802422a855' node_id='12D3KooWC744SKP9gHWpWVAYSR
Feb 14 01:11:20 gremlin-1 exo[1143694]: [ 01:11:20.762 | DEBUG    | exo.master.api:_log_requests:199 ] API request: GET /state
Feb 14 01:11:21 gremlin-1 exo[1143694]: [ 01:11:21.309 | DEBUG    | exo.worker.main:_forward_events:339 ] Worker published event 120: NodeGatheredInfo(event_id='efe706da-0ed2-429f-8621-0db15944cb6d' node_id='12D3KooWC744SKP9gHWpWVAYSR
Feb 14 01:11:21 gremlin-1 exo[1143694]: [ 01:11:21.310 | DEBUG    | exo.master.main:_event_processor:386 ] Master indexing event: NodeGatheredInfo(event_id='efe706da-0ed2-429f-8621-0db15944cb6d' node_id='12D3KooWC744SKP9gHWpWVAYSR
Feb 14 01:11:21 gremlin-1 exo[1143694]: [ 01:11:21.763 | DEBUG    | exo.master.api:_log_requests:199 ] API request: GET /state
Feb 14 01:11:22 gremlin-1 exo[1143694]: [ 01:11:22.311 | DEBUG    | exo.worker.main:_forward_events:339 ] Worker published event 121: NodeGatheredInfo(event_id='a4d1eca6-e426-4da5-a3a6-2dd9d1eed633' node_id='12D3KooWC744SKP9gHWpWVAYSR
Feb 14 01:11:22 gremlin-1 exo[1143694]: [ 01:11:22.312 | DEBUG    | exo.master.main:_event_processor:386 ] Master indexing event: NodeGatheredInfo(event_id='a4d1eca6-e426-4da5-a3a6-2dd9d1eed633' node_id='12D3KooWC744SKP9gHWpWVAYSR
Feb 14 01:11:22 gremlin-1 exo[1143694]: [ 01:11:22.773 | DEBUG    | exo.master.api:_log_requests:199 ] API request: GET /state
Feb 14 01:11:23 gremlin-1 exo[1143694]: [ 01:11:23.312 | DEBUG    | exo.worker.main:_forward_events:339 ] Worker published event 122: NodeGatheredInfo(event_id='049e4be2-6e44-49b0-9ef7-50ff97079ec6' node_id='12D3KooWC744SKP9gHWpWVAYSR
Feb 14 01:11:23 gremlin-1 exo[1143694]: [ 01:11:23.312 | DEBUG    | exo.master.main:_event_processor:386 ] Master indexing event: NodeGatheredInfo(event_id='049e4be2-6e44-49b0-9ef7-50ff97079ec6' node_id='12D3KooWC744SKP9gHWpWVAYSR
Feb 14 01:11:23 gremlin-1 exo[1143694]: [ 01:11:23.863 | DEBUG    | exo.master.api:_log_requests:199 ] API request: GET /state
Feb 14 01:11:24 gremlin-1 exo[1143694]: [ 01:11:24.313 | DEBUG    | exo.worker.main:_forward_events:339 ] Worker published event 123: NodeGatheredInfo(event_id='009b57ba-5053-4e39-9fb3-afcfce7cee25' node_id='12D3KooWC744SKP9gHWpWVAYSR
Feb 14 01:11:24 gremlin-1 exo[1143694]: [ 01:11:24.313 | DEBUG    | exo.master.main:_event_processor:386 ] Master indexing event: NodeGatheredInfo(event_id='009b57ba-5053-4e39-9fb3-afcfce7cee25' node_id='12D3KooWC744SKP9gHWpWVAYSR
Feb 14 01:11:24 gremlin-1 exo[1143694]: [ 01:11:24.968 | DEBUG    | exo.master.api:_log_requests:199 ] API request: GET /state
Feb 14 01:11:25 gremlin-1 exo[1143694]: [ 01:11:25.175 | DEBUG    | exo.worker.main:_forward_events:339 ] Worker published event 124: NodeGatheredInfo(event_id='9706e782-5afa-4da2-9436-a81dedc84f6e' node_id='12D3KooWC744SKP9gHWpWVAYSR
Feb 14 01:11:25 gremlin-1 exo[1143694]: [ 01:11:25.176 | DEBUG    | exo.master.main:_event_processor:386 ] Master indexing event: NodeGatheredInfo(event_id='9706e782-5afa-4da2-9436-a81dedc84f6e' node_id='12D3KooWC744SKP9gHWpWVAYSR
Feb 14 01:11:25 gremlin-1 exo[1143694]: [ 01:11:25.303 | DEBUG    | exo.worker.main:_forward_events:339 ] Worker published event 125: NodeGatheredInfo(event_id='8f752a1a-fdcf-4ac5-be5a-e0037dcc97c0' node_id='12D3KooWC744SKP9gHWpWVAYSR
Feb 14 01:11:25 gremlin-1 exo[1143694]: [ 01:11:25.305 | DEBUG    | exo.master.main:_event_processor:386 ] Master indexing event: NodeGatheredInfo(event_id='8f752a1a-fdcf-4ac5-be5a-e0037dcc97c0' node_id='12D3KooWC744SKP9gHWpWVAYSR
Feb 14 01:11:25 gremlin-1 exo[1143694]: [ 01:11:25.314 | DEBUG    | exo.worker.main:_forward_events:339 ] Worker published event 126: NodeGatheredInfo(event_id='d8cfdb78-b9b1-45c5-b892-6c4cdeeff960' node_id='12D3KooWC744SKP9gHWpWVAYSR
Feb 14 01:11:25 gremlin-1 exo[1143694]: [ 01:11:25.314 | DEBUG    | exo.master.main:_event_processor:386 ] Master indexing event: NodeGatheredInfo(event_id='d8cfdb78-b9b1-45c5-b892-6c4cdeeff960' node_id='12D3KooWC744SKP9gHWpWVAYSR
Feb 14 01:11:25 gremlin-1 exo[1143694]: [ 01:11:25.985 | DEBUG    | exo.master.api:_log_requests:199 ] API request: GET /state
Feb 14 01:11:26 gremlin-1 exo[1143694]: [ 01:11:26.315 | DEBUG    | exo.worker.main:_forward_events:339 ] Worker published event 127: NodeGatheredInfo(event_id='74f73847-484b-4cb8-83d1-21abe2204773' node_id='12D3KooWC744SKP9gHWpWVAYSR
Feb 14 01:11:26 gremlin-1 exo[1143694]: [ 01:11:26.316 | DEBUG    | exo.master.main:_event_processor:386 ] Master indexing event: NodeGatheredInfo(event_id='74f73847-484b-4cb8-83d1-21abe2204773' node_id='12D3KooWC744SKP9gHWpWVAYSR
Feb 14 01:11:27 gremlin-1 exo[1143694]: [ 01:11:27.088 | DEBUG    | exo.master.api:_log_requests:199 ] API request: GET /state
Feb 14 01:11:27 gremlin-1 exo[1143694]: [ 01:11:27.316 | DEBUG    | exo.worker.main:_forward_events:339 ] Worker published event 128: NodeGatheredInfo(event_id='62ecd56f-0892-4638-86e8-7e453c1084fa' node_id='12D3KooWC744SKP9gHWpWVAYSR
Feb 14 01:11:27 gremlin-1 exo[1143694]: [ 01:11:27.316 | DEBUG    | exo.master.main:_event_processor:386 ] Master indexing event: NodeGatheredInfo(event_id='62ecd56f-0892-4638-86e8-7e453c1084fa' node_id='12D3KooWC744SKP9gHWpWVAYSR
Feb 14 01:11:27 gremlin-1 exo[1143694]: [ 01:11:27.603 | DEBUG    | exo.master.api:_log_requests:199 ] API request: GET /instance/previews
Feb 14 01:11:28 gremlin-1 exo[1143694]: [ 01:11:28.102 | DEBUG    | exo.master.api:_log_requests:199 ] API request: GET /state
Feb 14 01:11:28 gremlin-1 exo[1143694]: [ 01:11:28.317 | DEBUG    | exo.worker.main:_forward_events:339 ] Worker published event 129: NodeGatheredInfo(event_id='5a5c1623-5f04-44aa-9b6b-3d2122420f14' node_id='12D3KooWC744SKP9gHWpWVAYSR
Feb 14 01:11:28 gremlin-1 exo[1143694]: [ 01:11:28.318 | DEBUG    | exo.master.main:_event_processor:386 ] Master indexing event: NodeGatheredInfo(event_id='5a5c1623-5f04-44aa-9b6b-3d2122420f14' node_id='12D3KooWC744SKP9gHWpWVAYSR
Feb 14 01:11:28 gremlin-1 exo[1143694]: [ 01:11:28.341 | DEBUG    | exo.download.coordinator:_emit_existing_download_progress:279 ] DownloadCoordinator: Fetching and emitting existing download progress...
Feb 14 01:11:28 gremlin-1 exo[1143694]: [ 01:11:28.378 | DEBUG    | exo.download.coordinator:_forward_events:271 ] DownloadCoordinator published event 130: NodeDownloadProgress(event_id='24eb3b73-1ed8-4138-8365-a7a1a5af80ab' download_progress=DownloadPendi
Feb 14 01:11:28 gremlin-1 exo[1143694]: [ 01:11:28.379 | DEBUG    | exo.master.main:_event_processor:386 ] Master indexing event: NodeDownloadProgress(event_id='24eb3b73-1ed8-4138-8365-a7a1a5af80ab' download_progress=DownloadPendi
Feb 14 01:11:28 gremlin-1 exo[1143694]: [ 01:11:28.381 | DEBUG    | exo.download.coordinator:_forward_events:271 ] DownloadCoordinator published event 131: NodeDownloadProgress(event_id='b1081780-6b65-4b36-b211-1da94f4b5e49' download_progress=DownloadPendi
Feb 14 01:11:28 gremlin-1 exo[1143694]: [ 01:11:28.381 | DEBUG    | exo.master.main:_event_processor:386 ] Master indexing event: NodeDownloadProgress(event_id='b1081780-6b65-4b36-b211-1da94f4b5e49' download_progress=DownloadPendi
Feb 14 01:11:28 gremlin-1 exo[1143694]: [ 01:11:28.389 | DEBUG    | exo.download.coordinator:_forward_events:271 ] DownloadCoordinator published event 132: NodeDownloadProgress(event_id='08128133-fd0f-4f57-9d8e-894f9d2434f8' download_progress=DownloadPendi
Feb 14 01:11:28 gremlin-1 exo[1143694]: [ 01:11:28.390 | DEBUG    | exo.master.main:_event_processor:386 ] Master indexing event: NodeDownloadProgress(event_id='08128133-fd0f-4f57-9d8e-894f9d2434f8' download_progress=DownloadPendi
Feb 14 01:11:28 gremlin-1 exo[1143694]: [ 01:11:28.393 | DEBUG    | exo.download.coordinator:_forward_events:271 ] DownloadCoordinator published event 133: NodeDownloadProgress(event_id='05e72c48-7417-4a5a-9874-823514595269' download_progress=DownloadPendi
Feb 14 01:11:28 gremlin-1 exo[1143694]: [ 01:11:28.395 | DEBUG    | exo.master.main:_event_processor:386 ] Master indexing event: NodeDownloadProgress(event_id='05e72c48-7417-4a5a-9874-823514595269' download_progress=DownloadPendi
Feb 14 01:11:28 gremlin-1 exo[1143694]: [ 01:11:28.404 | DEBUG    | exo.download.coordinator:_forward_events:271 ] DownloadCoordinator published event 134: NodeDownloadProgress(event_id='2d6a5047-9b5a-4942-81b8-682457673cb8' download_progress=DownloadPendi
Feb 14 01:11:28 gremlin-1 exo[1143694]: [ 01:11:28.405 | DEBUG    | exo.master.main:_event_processor:386 ] Master indexing event: NodeDownloadProgress(event_id='2d6a5047-9b5a-4942-81b8-682457673cb8' download_progress=DownloadPendi
Feb 14 01:11:28 gremlin-1 exo[1143694]: [ 01:11:28.412 | DEBUG    | exo.download.coordinator:_forward_events:271 ] DownloadCoordinator published event 135: NodeDownloadProgress(event_id='e24768e6-c151-422a-a510-250fddc7fdca' download_progress=DownloadCompl
Feb 14 01:11:28 gremlin-1 exo[1143694]: [ 01:11:28.413 | DEBUG    | exo.master.main:_event_processor:386 ] Master indexing event: NodeDownloadProgress(event_id='e24768e6-c151-422a-a510-250fddc7fdca' download_progress=DownloadCompl
Feb 14 01:11:28 gremlin-1 exo[1143694]: [ 01:11:28.486 | DEBUG    | exo.download.coordinator:_forward_events:271 ] DownloadCoordinator published event 136: NodeDownloadProgress(event_id='33685972-c552-4d61-8085-d8ffdbb674ec' download_progress=DownloadPendi
Feb 14 01:11:28 gremlin-1 exo[1143694]: [ 01:11:28.487 | DEBUG    | exo.master.main:_event_processor:386 ] Master indexing event: NodeDownloadProgress(event_id='33685972-c552-4d61-8085-d8ffdbb674ec' download_progress=DownloadPendi
Feb 14 01:11:28 gremlin-1 exo[1143694]: [ 01:11:28.506 | DEBUG    | exo.download.coordinator:_forward_events:271 ] DownloadCoordinator published event 137: NodeDownloadProgress(event_id='1dcba2d9-5185-4bbc-96a4-e76f5ab23db4' download_progress=DownloadPendi
Feb 14 01:11:28 gremlin-1 exo[1143694]: [ 01:11:28.507 | DEBUG    | exo.master.main:_event_processor:386 ] Master indexing event: NodeDownloadProgress(event_id='1dcba2d9-5185-4bbc-96a4-e76f5ab23db4' download_progress=DownloadPendi
Feb 14 01:11:28 gremlin-1 exo[1143694]: [ 01:11:28.531 | DEBUG    | exo.download.coordinator:_forward_events:271 ] DownloadCoordinator published event 138: NodeDownloadProgress(event_id='923ded05-3622-4a71-8ea2-0df7ac0299c9' download_progress=DownloadPendi
Feb 14 01:11:28 gremlin-1 exo[1143694]: [ 01:11:28.533 | DEBUG    | exo.master.main:_event_processor:386 ] Master indexing event: NodeDownloadProgress(event_id='923ded05-3622-4a71-8ea2-0df7ac0299c9' download_progress=DownloadPendi
Feb 14 01:11:28 gremlin-1 exo[1143694]: [ 01:11:28.542 | DEBUG    | exo.download.coordinator:_forward_events:271 ] DownloadCoordinator published event 139: NodeDownloadProgress(event_id='97ff0bf3-0b03-4c9d-b95b-250fe72a3e3a' download_progress=DownloadPendi
Feb 14 01:11:28 gremlin-1 exo[1143694]: [ 01:11:28.543 | DEBUG    | exo.master.main:_event_processor:386 ] Master indexing event: NodeDownloadProgress(event_id='97ff0bf3-0b03-4c9d-b95b-250fe72a3e3a' download_progress=DownloadPendi
Feb 14 01:11:28 gremlin-1 exo[1143694]: [ 01:11:28.552 | DEBUG    | exo.download.coordinator:_forward_events:271 ] DownloadCoordinator published event 140: NodeDownloadProgress(event_id='ddccdd65-897d-4c04-8b42-a65314623a7b' download_progress=DownloadPendi
Feb 14 01:11:28 gremlin-1 exo[1143694]: [ 01:11:28.553 | DEBUG    | exo.master.main:_event_processor:386 ] Master indexing event: NodeDownloadProgress(event_id='ddccdd65-897d-4c04-8b42-a65314623a7b' download_progress=DownloadPendi
Feb 14 01:11:28 gremlin-1 exo[1143694]: [ 01:11:28.571 | DEBUG    | exo.download.coordinator:_forward_events:271 ] DownloadCoordinator published event 141: NodeDownloadProgress(event_id='551ee8e3-d982-4c30-8c44-27cfeeaf0f3f' download_progress=DownloadPendi
Feb 14 01:11:28 gremlin-1 exo[1143694]: [ 01:11:28.572 | DEBUG    | exo.master.main:_event_processor:386 ] Master indexing event: NodeDownloadProgress(event_id='551ee8e3-d982-4c30-8c44-27cfeeaf0f3f' download_progress=DownloadPendi
Feb 14 01:11:28 gremlin-1 exo[1143694]: [ 01:11:28.585 | DEBUG    | exo.download.coordinator:_forward_events:271 ] DownloadCoordinator published event 142: NodeDownloadProgress(event_id='49bac3ae-296e-40e1-94c4-b5ebe79d624a' download_progress=DownloadPendi
Feb 14 01:11:28 gremlin-1 exo[1143694]: [ 01:11:28.586 | DEBUG    | exo.master.main:_event_processor:386 ] Master indexing event: NodeDownloadProgress(event_id='49bac3ae-296e-40e1-94c4-b5ebe79d624a' download_progress=DownloadPendi
Feb 14 01:11:28 gremlin-1 exo[1143694]: [ 01:11:28.594 | DEBUG    | exo.download.coordinator:_forward_events:271 ] DownloadCoordinator published event 143: NodeDownloadProgress(event_id='318808f4-7615-4f39-ad14-503fb51092a4' download_progress=DownloadPendi
Feb 14 01:11:28 gremlin-1 exo[1143694]: [ 01:11:28.595 | DEBUG    | exo.master.main:_event_processor:386 ] Master indexing event: NodeDownloadProgress(event_id='318808f4-7615-4f39-ad14-503fb51092a4' download_progress=DownloadPendi
Feb 14 01:11:28 gremlin-1 exo[1143694]: [ 01:11:28.610 | DEBUG    | exo.download.coordinator:_forward_events:271 ] DownloadCoordinator published event 144: NodeDownloadProgress(event_id='f2ff5179-4502-4b97-a547-03b449b15ca0' download_progress=DownloadPendi
Feb 14 01:11:28 gremlin-1 exo[1143694]: [ 01:11:28.610 | DEBUG    | exo.master.main:_event_processor:386 ] Master indexing event: NodeDownloadProgress(event_id='f2ff5179-4502-4b97-a547-03b449b15ca0' download_progress=DownloadPendi
Feb 14 01:11:28 gremlin-1 exo[1143694]: [ 01:11:28.631 | DEBUG    | exo.download.coordinator:_forward_events:271 ] DownloadCoordinator published event 145: NodeDownloadProgress(event_id='324f8db8-d583-4587-9c6f-7a1c8294669e' download_progress=DownloadPendi
Feb 14 01:11:28 gremlin-1 exo[1143694]: [ 01:11:28.632 | DEBUG    | exo.master.main:_event_processor:386 ] Master indexing event: NodeDownloadProgress(event_id='324f8db8-d583-4587-9c6f-7a1c8294669e' download_progress=DownloadPendi
Feb 14 01:11:28 gremlin-1 exo[1143694]: [ 01:11:28.639 | DEBUG    | exo.download.coordinator:_forward_events:271 ] DownloadCoordinator published event 146: NodeDownloadProgress(event_id='824eef55-15c4-44df-905a-127345818aa1' download_progress=DownloadPendi
Feb 14 01:11:28 gremlin-1 exo[1143694]: [ 01:11:28.640 | DEBUG    | exo.master.main:_event_processor:386 ] Master indexing event: NodeDownloadProgress(event_id='824eef55-15c4-44df-905a-127345818aa1' download_progress=DownloadPendi
Feb 14 01:11:28 gremlin-1 exo[1143694]: [ 01:11:28.655 | DEBUG    | exo.download.coordinator:_forward_events:271 ] DownloadCoordinator published event 147: NodeDownloadProgress(event_id='3519cb8c-7835-4ae4-a766-22c7da6c8c82' download_progress=DownloadPendi
Feb 14 01:11:28 gremlin-1 exo[1143694]: [ 01:11:28.656 | DEBUG    | exo.master.main:_event_processor:386 ] Master indexing event: NodeDownloadProgress(event_id='3519cb8c-7835-4ae4-a766-22c7da6c8c82' download_progress=DownloadPendi
Feb 14 01:11:28 gremlin-1 exo[1143694]: [ 01:11:28.665 | DEBUG    | exo.download.coordinator:_forward_events:271 ] DownloadCoordinator published event 148: NodeDownloadProgress(event_id='59e42633-a4cb-40cd-b246-52bb5befd176' download_progress=DownloadCompl
Feb 14 01:11:28 gremlin-1 exo[1143694]: [ 01:11:28.666 | DEBUG    | exo.master.main:_event_processor:386 ] Master indexing event: NodeDownloadProgress(event_id='59e42633-a4cb-40cd-b246-52bb5befd176' download_progress=DownloadCompl
Feb 14 01:11:28 gremlin-1 exo[1143694]: [ 01:11:28.685 | DEBUG    | exo.download.coordinator:_forward_events:271 ] DownloadCoordinator published event 149: NodeDownloadProgress(event_id='ea919e20-a8e6-447c-b2eb-68a6f6f6e0b5' download_progress=DownloadPendi
Feb 14 01:11:28 gremlin-1 exo[1143694]: [ 01:11:28.686 | DEBUG    | exo.master.main:_event_processor:386 ] Master indexing event: NodeDownloadProgress(event_id='ea919e20-a8e6-447c-b2eb-68a6f6f6e0b5' download_progress=DownloadPendi
Feb 14 01:11:28 gremlin-1 exo[1143694]: [ 01:11:28.701 | DEBUG    | exo.download.coordinator:_forward_events:271 ] DownloadCoordinator published event 150: NodeDownloadProgress(event_id='a5247b18-429a-4d69-8d4e-31dfa4530697' download_progress=DownloadPendi
Feb 14 01:11:28 gremlin-1 exo[1143694]: [ 01:11:28.702 | DEBUG    | exo.master.main:_event_processor:386 ] Master indexing event: NodeDownloadProgress(event_id='a5247b18-429a-4d69-8d4e-31dfa4530697' download_progress=DownloadPendi
Feb 14 01:11:28 gremlin-1 exo[1143694]: [ 01:11:28.720 | DEBUG    | exo.download.coordinator:_forward_events:271 ] DownloadCoordinator published event 151: NodeDownloadProgress(event_id='898928fb-5d9c-43d8-9f7c-5e554a6c5902' download_progress=DownloadPendi
Feb 14 01:11:28 gremlin-1 exo[1143694]: [ 01:11:28.720 | DEBUG    | exo.master.main:_event_processor:386 ] Master indexing event: NodeDownloadProgress(event_id='898928fb-5d9c-43d8-9f7c-5e554a6c5902' download_progress=DownloadPendi
Feb 14 01:11:28 gremlin-1 exo[1143694]: [ 01:11:28.724 | DEBUG    | exo.download.coordinator:_forward_events:271 ] DownloadCoordinator published event 152: NodeDownloadProgress(event_id='bc72e44f-07d1-4c89-ae42-47fccaee96ae' download_progress=DownloadPendi
Feb 14 01:11:28 gremlin-1 exo[1143694]: [ 01:11:28.724 | DEBUG    | exo.master.main:_event_processor:386 ] Master indexing event: NodeDownloadProgress(event_id='bc72e44f-07d1-4c89-ae42-47fccaee96ae' download_progress=DownloadPendi
Feb 14 01:11:28 gremlin-1 exo[1143694]: [ 01:11:28.730 | DEBUG    | exo.download.coordinator:_forward_events:271 ] DownloadCoordinator published event 153: NodeDownloadProgress(event_id='28bd80b3-d3e5-4a24-9455-77c905190529' download_progress=DownloadPendi
Feb 14 01:11:28 gremlin-1 exo[1143694]: [ 01:11:28.733 | DEBUG    | exo.master.main:_event_processor:386 ] Master indexing event: NodeDownloadProgress(event_id='28bd80b3-d3e5-4a24-9455-77c905190529' download_progress=DownloadPendi
Feb 14 01:11:28 gremlin-1 exo[1143694]: [ 01:11:28.748 | DEBUG    | exo.download.coordinator:_forward_events:271 ] DownloadCoordinator published event 154: NodeDownloadProgress(event_id='a4df1fd5-1754-46fd-bd91-348afb7ee838' download_progress=DownloadPendi
Feb 14 01:11:28 gremlin-1 exo[1143694]: [ 01:11:28.749 | DEBUG    | exo.master.main:_event_processor:386 ] Master indexing event: NodeDownloadProgress(event_id='a4df1fd5-1754-46fd-bd91-348afb7ee838' download_progress=DownloadPendi
Feb 14 01:11:28 gremlin-1 exo[1143694]: [ 01:11:28.769 | DEBUG    | exo.download.coordinator:_forward_events:271 ] DownloadCoordinator published event 155: NodeDownloadProgress(event_id='5ae1fb37-a279-4793-b03a-2fb32b64ceda' download_progress=DownloadPendi
Feb 14 01:11:28 gremlin-1 exo[1143694]: [ 01:11:28.770 | DEBUG    | exo.master.main:_event_processor:386 ] Master indexing event: NodeDownloadProgress(event_id='5ae1fb37-a279-4793-b03a-2fb32b64ceda' download_progress=DownloadPendi
Feb 14 01:11:28 gremlin-1 exo[1143694]: [ 01:11:28.789 | DEBUG    | exo.download.coordinator:_forward_events:271 ] DownloadCoordinator published event 156: NodeDownloadProgress(event_id='a0a910d8-2f15-4dd6-9426-58ed2959e21c' download_progress=DownloadCompl
Feb 14 01:11:28 gremlin-1 exo[1143694]: [ 01:11:28.790 | DEBUG    | exo.master.main:_event_processor:386 ] Master indexing event: NodeDownloadProgress(event_id='a0a910d8-2f15-4dd6-9426-58ed2959e21c' download_progress=DownloadCompl
Feb 14 01:11:28 gremlin-1 exo[1143694]: [ 01:11:28.809 | DEBUG    | exo.download.coordinator:_forward_events:271 ] DownloadCoordinator published event 157: NodeDownloadProgress(event_id='452e8e5e-a0d1-4ba0-88be-1a24a7e0e16e' download_progress=DownloadPendi
Feb 14 01:11:28 gremlin-1 exo[1143694]: [ 01:11:28.811 | DEBUG    | exo.master.main:_event_processor:386 ] Master indexing event: NodeDownloadProgress(event_id='452e8e5e-a0d1-4ba0-88be-1a24a7e0e16e' download_progress=DownloadPendi
Feb 14 01:11:28 gremlin-1 exo[1143694]: [ 01:11:28.832 | DEBUG    | exo.download.coordinator:_forward_events:271 ] DownloadCoordinator published event 158: NodeDownloadProgress(event_id='378eacaf-edeb-4191-a85f-df4db56376cb' download_progress=DownloadPendi
Feb 14 01:11:28 gremlin-1 exo[1143694]: [ 01:11:28.833 | DEBUG    | exo.master.main:_event_processor:386 ] Master indexing event: NodeDownloadProgress(event_id='378eacaf-edeb-4191-a85f-df4db56376cb' download_progress=DownloadPendi
Feb 14 01:11:28 gremlin-1 exo[1143694]: [ 01:11:28.876 | DEBUG    | exo.download.coordinator:_forward_events:271 ] DownloadCoordinator published event 159: NodeDownloadProgress(event_id='5fa9a356-9ee6-4c0e-a2e9-3b04c7ed9cdd' download_progress=DownloadPendi
Feb 14 01:11:28 gremlin-1 exo[1143694]: [ 01:11:28.876 | DEBUG    | exo.master.main:_event_processor:386 ] Master indexing event: NodeDownloadProgress(event_id='5fa9a356-9ee6-4c0e-a2e9-3b04c7ed9cdd' download_progress=DownloadPendi
Feb 14 01:11:28 gremlin-1 exo[1143694]: [ 01:11:28.892 | DEBUG    | exo.download.coordinator:_forward_events:271 ] DownloadCoordinator published event 160: NodeDownloadProgress(event_id='3c9a55de-07a2-48d2-b4e2-424ed1e13a67' download_progress=DownloadPendi
Feb 14 01:11:28 gremlin-1 exo[1143694]: [ 01:11:28.893 | DEBUG    | exo.master.main:_event_processor:386 ] Master indexing event: NodeDownloadProgress(event_id='3c9a55de-07a2-48d2-b4e2-424ed1e13a67' download_progress=DownloadPendi
Feb 14 01:11:28 gremlin-1 exo[1143694]: [ 01:11:28.900 | DEBUG    | exo.download.coordinator:_forward_events:271 ] DownloadCoordinator published event 161: NodeDownloadProgress(event_id='5ef2b40a-5467-444d-9b9d-f8df4869eddd' download_progress=DownloadPendi
Feb 14 01:11:28 gremlin-1 exo[1143694]: [ 01:11:28.903 | DEBUG    | exo.master.main:_event_processor:386 ] Master indexing event: NodeDownloadProgress(event_id='5ef2b40a-5467-444d-9b9d-f8df4869eddd' download_progress=DownloadPendi
Feb 14 01:11:28 gremlin-1 exo[1143694]: [ 01:11:28.924 | DEBUG    | exo.download.coordinator:_forward_events:271 ] DownloadCoordinator published event 162: NodeDownloadProgress(event_id='20d8ea0b-b979-4434-82ec-44c71ea4f5f1' download_progress=DownloadPendi
Feb 14 01:11:28 gremlin-1 exo[1143694]: [ 01:11:28.925 | DEBUG    | exo.master.main:_event_processor:386 ] Master indexing event: NodeDownloadProgress(event_id='20d8ea0b-b979-4434-82ec-44c71ea4f5f1' download_progress=DownloadPendi
Feb 14 01:11:28 gremlin-1 exo[1143694]: [ 01:11:28.933 | DEBUG    | exo.download.coordinator:_forward_events:271 ] DownloadCoordinator published event 163: NodeDownloadProgress(event_id='836881bf-023c-47ea-b48f-d02aa453c4ca' download_progress=DownloadPendi
Feb 14 01:11:28 gremlin-1 exo[1143694]: [ 01:11:28.935 | DEBUG    | exo.master.main:_event_processor:386 ] Master indexing event: NodeDownloadProgress(event_id='836881bf-023c-47ea-b48f-d02aa453c4ca' download_progress=DownloadPendi
Feb 14 01:11:28 gremlin-1 exo[1143694]: [ 01:11:28.970 | DEBUG    | exo.download.coordinator:_forward_events:271 ] DownloadCoordinator published event 164: NodeDownloadProgress(event_id='b3c29075-a77d-49e6-9641-a900c725c0a1' download_progress=DownloadPendi
Feb 14 01:11:28 gremlin-1 exo[1143694]: [ 01:11:28.971 | DEBUG    | exo.master.main:_event_processor:386 ] Master indexing event: NodeDownloadProgress(event_id='b3c29075-a77d-49e6-9641-a900c725c0a1' download_progress=DownloadPendi
Feb 14 01:11:28 gremlin-1 exo[1143694]: [ 01:11:28.990 | DEBUG    | exo.download.coordinator:_forward_events:271 ] DownloadCoordinator published event 165: NodeDownloadProgress(event_id='8f2a2db9-3a95-47bf-a12a-388795aeee89' download_progress=DownloadPendi
Feb 14 01:11:28 gremlin-1 exo[1143694]: [ 01:11:28.991 | DEBUG    | exo.master.main:_event_processor:386 ] Master indexing event: NodeDownloadProgress(event_id='8f2a2db9-3a95-47bf-a12a-388795aeee89' download_progress=DownloadPendi
Feb 14 01:11:29 gremlin-1 exo[1143694]: [ 01:11:29.000 | DEBUG    | exo.download.coordinator:_forward_events:271 ] DownloadCoordinator published event 166: NodeDownloadProgress(event_id='6e97e842-c341-470b-a3eb-8a4ffc9674a4' download_progress=DownloadPendi
Feb 14 01:11:29 gremlin-1 exo[1143694]: [ 01:11:29.001 | DEBUG    | exo.master.main:_event_processor:386 ] Master indexing event: NodeDownloadProgress(event_id='6e97e842-c341-470b-a3eb-8a4ffc9674a4' download_progress=DownloadPendi
Feb 14 01:11:29 gremlin-1 exo[1143694]: [ 01:11:29.050 | DEBUG    | exo.download.coordinator:_forward_events:271 ] DownloadCoordinator published event 167: NodeDownloadProgress(event_id='ea20cb0a-901b-469b-be46-4075f08543f6' download_progress=DownloadPendi
Feb 14 01:11:29 gremlin-1 exo[1143694]: [ 01:11:29.051 | DEBUG    | exo.master.main:_event_processor:386 ] Master indexing event: NodeDownloadProgress(event_id='ea20cb0a-901b-469b-be46-4075f08543f6' download_progress=DownloadPendi
Feb 14 01:11:29 gremlin-1 exo[1143694]: [ 01:11:29.084 | DEBUG    | exo.download.coordinator:_forward_events:271 ] DownloadCoordinator published event 168: NodeDownloadProgress(event_id='83546c58-1c8f-4143-a082-3648ec4df445' download_progress=DownloadPendi
Feb 14 01:11:29 gremlin-1 exo[1143694]: [ 01:11:29.085 | DEBUG    | exo.master.main:_event_processor:386 ] Master indexing event: NodeDownloadProgress(event_id='83546c58-1c8f-4143-a082-3648ec4df445' download_progress=DownloadPendi
Feb 14 01:11:29 gremlin-1 exo[1143694]: [ 01:11:29.091 | DEBUG    | exo.download.coordinator:_forward_events:271 ] DownloadCoordinator published event 169: NodeDownloadProgress(event_id='65eba501-75b2-4326-a672-9b90c90ae421' download_progress=DownloadPendi
Feb 14 01:11:29 gremlin-1 exo[1143694]: [ 01:11:29.092 | DEBUG    | exo.master.main:_event_processor:386 ] Master indexing event: NodeDownloadProgress(event_id='65eba501-75b2-4326-a672-9b90c90ae421' download_progress=DownloadPendi
Feb 14 01:11:29 gremlin-1 exo[1143694]: [ 01:11:29.102 | DEBUG    | exo.master.api:_log_requests:199 ] API request: GET /state
Feb 14 01:11:29 gremlin-1 exo[1143694]: [ 01:11:29.117 | DEBUG    | exo.download.coordinator:_forward_events:271 ] DownloadCoordinator published event 170: NodeDownloadProgress(event_id='37382530-6d19-4378-b308-787fc5b78fb7' download_progress=DownloadPendi
Feb 14 01:11:29 gremlin-1 exo[1143694]: [ 01:11:29.118 | DEBUG    | exo.master.main:_event_processor:386 ] Master indexing event: NodeDownloadProgress(event_id='37382530-6d19-4378-b308-787fc5b78fb7' download_progress=DownloadPendi
Feb 14 01:11:29 gremlin-1 exo[1143694]: [ 01:11:29.132 | DEBUG    | exo.download.coordinator:_forward_events:271 ] DownloadCoordinator published event 171: NodeDownloadProgress(event_id='58a5de47-1799-4bd6-bb11-fbdf7860815b' download_progress=DownloadPendi
Feb 14 01:11:29 gremlin-1 exo[1143694]: [ 01:11:29.133 | DEBUG    | exo.master.main:_event_processor:386 ] Master indexing event: NodeDownloadProgress(event_id='58a5de47-1799-4bd6-bb11-fbdf7860815b' download_progress=DownloadPendi
Feb 14 01:11:29 gremlin-1 exo[1143694]: [ 01:11:29.155 | DEBUG    | exo.download.coordinator:_forward_events:271 ] DownloadCoordinator published event 172: NodeDownloadProgress(event_id='23f096b3-6b14-4555-b9bd-cea05ca6eb0f' download_progress=DownloadPendi
Feb 14 01:11:29 gremlin-1 exo[1143694]: [ 01:11:29.156 | DEBUG    | exo.master.main:_event_processor:386 ] Master indexing event: NodeDownloadProgress(event_id='23f096b3-6b14-4555-b9bd-cea05ca6eb0f' download_progress=DownloadPendi
Feb 14 01:11:29 gremlin-1 exo[1143694]: [ 01:11:29.161 | DEBUG    | exo.download.coordinator:_forward_events:271 ] DownloadCoordinator published event 173: NodeDownloadProgress(event_id='137a7461-de8b-4806-823f-67daadf23ad4' download_progress=DownloadPendi
Feb 14 01:11:29 gremlin-1 exo[1143694]: [ 01:11:29.163 | DEBUG    | exo.master.main:_event_processor:386 ] Master indexing event: NodeDownloadProgress(event_id='137a7461-de8b-4806-823f-67daadf23ad4' download_progress=DownloadPendi
Feb 14 01:11:29 gremlin-1 exo[1143694]: [ 01:11:29.177 | DEBUG    | exo.download.coordinator:_forward_events:271 ] DownloadCoordinator published event 174: NodeDownloadProgress(event_id='77f00bc5-9533-419b-9a68-d51e61f8729b' download_progress=DownloadPendi
Feb 14 01:11:29 gremlin-1 exo[1143694]: [ 01:11:29.178 | DEBUG    | exo.master.main:_event_processor:386 ] Master indexing event: NodeDownloadProgress(event_id='77f00bc5-9533-419b-9a68-d51e61f8729b' download_progress=DownloadPendi
Feb 14 01:11:29 gremlin-1 exo[1143694]: [ 01:11:29.194 | DEBUG    | exo.download.coordinator:_forward_events:271 ] DownloadCoordinator published event 175: NodeDownloadProgress(event_id='f6e19791-889f-40ca-93d3-58e5c87511b6' download_progress=DownloadPendi
Feb 14 01:11:29 gremlin-1 exo[1143694]: [ 01:11:29.195 | DEBUG    | exo.master.main:_event_processor:386 ] Master indexing event: NodeDownloadProgress(event_id='f6e19791-889f-40ca-93d3-58e5c87511b6' download_progress=DownloadPendi
Feb 14 01:11:29 gremlin-1 exo[1143694]: [ 01:11:29.207 | DEBUG    | exo.download.coordinator:_forward_events:271 ] DownloadCoordinator published event 176: NodeDownloadProgress(event_id='73270cfd-7fce-4325-8a08-e428a4377a65' download_progress=DownloadPendi
Feb 14 01:11:29 gremlin-1 exo[1143694]: [ 01:11:29.207 | DEBUG    | exo.master.main:_event_processor:386 ] Master indexing event: NodeDownloadProgress(event_id='73270cfd-7fce-4325-8a08-e428a4377a65' download_progress=DownloadPendi
Feb 14 01:11:29 gremlin-1 exo[1143694]: [ 01:11:29.217 | DEBUG    | exo.download.coordinator:_forward_events:271 ] DownloadCoordinator published event 177: NodeDownloadProgress(event_id='427033bc-a32c-473b-a3b8-ea665999b64f' download_progress=DownloadPendi
Feb 14 01:11:29 gremlin-1 exo[1143694]: [ 01:11:29.219 | DEBUG    | exo.master.main:_event_processor:386 ] Master indexing event: NodeDownloadProgress(event_id='427033bc-a32c-473b-a3b8-ea665999b64f' download_progress=DownloadPendi
Feb 14 01:11:29 gremlin-1 exo[1143694]: [ 01:11:29.226 | DEBUG    | exo.download.coordinator:_forward_events:271 ] DownloadCoordinator published event 178: NodeDownloadProgress(event_id='52ef8a65-fe15-46a2-b8f2-8d1090ca5b15' download_progress=DownloadPendi
Feb 14 01:11:29 gremlin-1 exo[1143694]: [ 01:11:29.227 | DEBUG    | exo.master.main:_event_processor:386 ] Master indexing event: NodeDownloadProgress(event_id='52ef8a65-fe15-46a2-b8f2-8d1090ca5b15' download_progress=DownloadPendi
Feb 14 01:11:29 gremlin-1 exo[1143694]: [ 01:11:29.236 | DEBUG    | exo.download.coordinator:_forward_events:271 ] DownloadCoordinator published event 179: NodeDownloadProgress(event_id='3031a836-e3e9-45d1-b9a6-de7a1a1a1c29' download_progress=DownloadPendi
Feb 14 01:11:29 gremlin-1 exo[1143694]: [ 01:11:29.237 | DEBUG    | exo.master.main:_event_processor:386 ] Master indexing event: NodeDownloadProgress(event_id='3031a836-e3e9-45d1-b9a6-de7a1a1a1c29' download_progress=DownloadPendi
Feb 14 01:11:29 gremlin-1 exo[1143694]: [ 01:11:29.244 | DEBUG    | exo.download.coordinator:_forward_events:271 ] DownloadCoordinator published event 180: NodeDownloadProgress(event_id='31743851-bc0d-4441-80a7-7eb4fd9e76f2' download_progress=DownloadPendi
Feb 14 01:11:29 gremlin-1 exo[1143694]: [ 01:11:29.246 | DEBUG    | exo.master.main:_event_processor:386 ] Master indexing event: NodeDownloadProgress(event_id='31743851-bc0d-4441-80a7-7eb4fd9e76f2' download_progress=DownloadPendi
Feb 14 01:11:29 gremlin-1 exo[1143694]: [ 01:11:29.252 | DEBUG    | exo.download.coordinator:_forward_events:271 ] DownloadCoordinator published event 181: NodeDownloadProgress(event_id='83f11515-5172-4149-9766-99f91c34dc95' download_progress=DownloadCompl
Feb 14 01:11:29 gremlin-1 exo[1143694]: [ 01:11:29.253 | DEBUG    | exo.master.main:_event_processor:386 ] Master indexing event: NodeDownloadProgress(event_id='83f11515-5172-4149-9766-99f91c34dc95' download_progress=DownloadCompl
Feb 14 01:11:29 gremlin-1 exo[1143694]: [ 01:11:29.260 | DEBUG    | exo.download.coordinator:_forward_events:271 ] DownloadCoordinator published event 182: NodeDownloadProgress(event_id='9be52e0d-e475-4d4d-8a91-c5677355e6d2' download_progress=DownloadCompl
Feb 14 01:11:29 gremlin-1 exo[1143694]: [ 01:11:29.261 | DEBUG    | exo.master.main:_event_processor:386 ] Master indexing event: NodeDownloadProgress(event_id='9be52e0d-e475-4d4d-8a91-c5677355e6d2' download_progress=DownloadCompl
Feb 14 01:11:29 gremlin-1 exo[1143694]: [ 01:11:29.271 | DEBUG    | exo.download.coordinator:_forward_events:271 ] DownloadCoordinator published event 183: NodeDownloadProgress(event_id='6f5695e8-8779-4c3d-ae4c-b2ac3252ea28' download_progress=DownloadPendi
Feb 14 01:11:29 gremlin-1 exo[1143694]: [ 01:11:29.271 | DEBUG    | exo.master.main:_event_processor:386 ] Master indexing event: NodeDownloadProgress(event_id='6f5695e8-8779-4c3d-ae4c-b2ac3252ea28' download_progress=DownloadPendi
Feb 14 01:11:29 gremlin-1 exo[1143694]: [ 01:11:29.291 | DEBUG    | exo.download.coordinator:_emit_existing_download_progress:312 ] DownloadCoordinator: Done emitting existing download progress.
Feb 14 01:11:29 gremlin-1 exo[1143694]: [ 01:11:29.291 | DEBUG    | exo.download.coordinator:_forward_events:271 ] DownloadCoordinator published event 184: NodeDownloadProgress(event_id='d66f60ff-abfc-4b8f-b41d-dd9d6df5d3f0' download_progress=DownloadPendi
Feb 14 01:11:29 gremlin-1 exo[1143694]: [ 01:11:29.292 | DEBUG    | exo.master.main:_event_processor:386 ] Master indexing event: NodeDownloadProgress(event_id='d66f60ff-abfc-4b8f-b41d-dd9d6df5d3f0' download_progress=DownloadPendi
Feb 14 01:11:29 gremlin-1 exo[1143694]: [ 01:11:29.319 | DEBUG    | exo.worker.main:_forward_events:339 ] Worker published event 185: NodeGatheredInfo(event_id='063db0d2-c31a-42e2-9f90-ef99dcf254f7' node_id='12D3KooWC744SKP9gHWpWVAYSR
Feb 14 01:11:29 gremlin-1 exo[1143694]: [ 01:11:29.320 | DEBUG    | exo.master.main:_event_processor:386 ] Master indexing event: NodeGatheredInfo(event_id='063db0d2-c31a-42e2-9f90-ef99dcf254f7' node_id='12D3KooWC744SKP9gHWpWVAYSR
Feb 14 01:11:30 gremlin-1 exo[1143694]: [ 01:11:30.102 | DEBUG    | exo.master.api:_log_requests:199 ] API request: GET /state
Feb 14 01:11:30 gremlin-1 exo[1143694]: [ 01:11:30.320 | DEBUG    | exo.worker.main:_forward_events:339 ] Worker published event 186: NodeGatheredInfo(event_id='dcd984f1-fb57-4dee-8573-9df1628086be' node_id='12D3KooWC744SKP9gHWpWVAYSR
Feb 14 01:11:30 gremlin-1 exo[1143694]: [ 01:11:30.320 | DEBUG    | exo.master.main:_event_processor:386 ] Master indexing event: NodeGatheredInfo(event_id='dcd984f1-fb57-4dee-8573-9df1628086be' node_id='12D3KooWC744SKP9gHWpWVAYSR
Feb 14 01:11:31 gremlin-1 exo[1143694]: [ 01:11:31.106 | DEBUG    | exo.master.api:_log_requests:199 ] API request: GET /state
Feb 14 01:11:31 gremlin-1 exo[1143694]: [ 01:11:31.320 | DEBUG    | exo.worker.main:_forward_events:339 ] Worker published event 187: NodeGatheredInfo(event_id='580d3e15-55f5-49e1-9d6b-9a497aeeff37' node_id='12D3KooWC744SKP9gHWpWVAYSR
Feb 14 01:11:31 gremlin-1 exo[1143694]: [ 01:11:31.321 | DEBUG    | exo.master.main:_event_processor:386 ] Master indexing event: NodeGatheredInfo(event_id='580d3e15-55f5-49e1-9d6b-9a497aeeff37' node_id='12D3KooWC744SKP9gHWpWVAYSR
Feb 14 01:11:32 gremlin-1 exo[1143694]: [ 01:11:32.106 | DEBUG    | exo.master.api:_log_requests:199 ] API request: GET /state
Feb 14 01:11:32 gremlin-1 exo[1143694]: [ 01:11:32.322 | DEBUG    | exo.worker.main:_forward_events:339 ] Worker published event 188: NodeGatheredInfo(event_id='65dca697-cba2-4fb2-9820-7e54caf9a7ac' node_id='12D3KooWC744SKP9gHWpWVAYSR
Feb 14 01:11:32 gremlin-1 exo[1143694]: [ 01:11:32.322 | DEBUG    | exo.master.main:_event_processor:386 ] Master indexing event: NodeGatheredInfo(event_id='65dca697-cba2-4fb2-9820-7e54caf9a7ac' node_id='12D3KooWC744SKP9gHWpWVAYSR
Feb 14 01:11:33 gremlin-1 exo[1143694]: [ 01:11:33.117 | DEBUG    | exo.master.api:_log_requests:199 ] API request: GET /state
Feb 14 01:11:33 gremlin-1 exo[1143694]: [ 01:11:33.323 | DEBUG    | exo.worker.main:_forward_events:339 ] Worker published event 189: NodeGatheredInfo(event_id='2f43ad49-8c4f-47bd-a682-2b97fcc4ad70' node_id='12D3KooWC744SKP9gHWpWVAYSR
Feb 14 01:11:33 gremlin-1 exo[1143694]: [ 01:11:33.323 | DEBUG    | exo.master.main:_event_processor:386 ] Master indexing event: NodeGatheredInfo(event_id='2f43ad49-8c4f-47bd-a682-2b97fcc4ad70' node_id='12D3KooWC744SKP9gHWpWVAYSR
Feb 14 01:11:34 gremlin-1 exo[1143694]: [ 01:11:34.117 | DEBUG    | exo.master.api:_log_requests:199 ] API request: GET /state
Feb 14 01:11:34 gremlin-1 exo[1143694]: [ 01:11:34.324 | DEBUG    | exo.worker.main:_forward_events:339 ] Worker published event 190: NodeGatheredInfo(event_id='718bbfeb-6336-4dc1-b4a2-bdfa62b60eab' node_id='12D3KooWC744SKP9gHWpWVAYSR
Feb 14 01:11:34 gremlin-1 exo[1143694]: [ 01:11:34.324 | DEBUG    | exo.master.main:_event_processor:386 ] Master indexing event: NodeGatheredInfo(event_id='718bbfeb-6336-4dc1-b4a2-bdfa62b60eab' node_id='12D3KooWC744SKP9gHWpWVAYSR
Feb 14 01:11:35 gremlin-1 exo[1143694]: [ 01:11:35.123 | DEBUG    | exo.master.api:_log_requests:199 ] API request: GET /state
Feb 14 01:11:35 gremlin-1 exo[1143694]: [ 01:11:35.319 | DEBUG    | exo.worker.main:_forward_events:339 ] Worker published event 191: NodeGatheredInfo(event_id='b04ed366-79f4-4a98-841c-f1280216d3a2' node_id='12D3KooWC744SKP9gHWpWVAYSR
Feb 14 01:11:35 gremlin-1 exo[1143694]: [ 01:11:35.321 | DEBUG    | exo.master.main:_event_processor:386 ] Master indexing event: NodeGatheredInfo(event_id='b04ed366-79f4-4a98-841c-f1280216d3a2' node_id='12D3KooWC744SKP9gHWpWVAYSR
Feb 14 01:11:35 gremlin-1 exo[1143694]: [ 01:11:35.325 | DEBUG    | exo.worker.main:_forward_events:339 ] Worker published event 192: NodeGatheredInfo(event_id='c826692e-cca3-41f2-875b-c04cf85089c4' node_id='12D3KooWC744SKP9gHWpWVAYSR
Feb 14 01:11:35 gremlin-1 exo[1143694]: [ 01:11:35.325 | DEBUG    | exo.master.main:_event_processor:386 ] Master indexing event: NodeGatheredInfo(event_id='c826692e-cca3-41f2-875b-c04cf85089c4' node_id='12D3KooWC744SKP9gHWpWVAYSR
Feb 14 01:11:36 gremlin-1 exo[1143694]: [ 01:11:36.123 | DEBUG    | exo.master.api:_log_requests:199 ] API request: GET /state
Feb 14 01:11:36 gremlin-1 exo[1143694]: [ 01:11:36.328 | DEBUG    | exo.worker.main:_forward_events:339 ] Worker published event 193: NodeGatheredInfo(event_id='d6b294d2-1562-4788-915c-562e8c3d09db' node_id='12D3KooWC744SKP9gHWpWVAYSR
Feb 14 01:11:36 gremlin-1 exo[1143694]: [ 01:11:36.330 | DEBUG    | exo.master.main:_event_processor:386 ] Master indexing event: NodeGatheredInfo(event_id='d6b294d2-1562-4788-915c-562e8c3d09db' node_id='12D3KooWC744SKP9gHWpWVAYSR
Feb 14 01:11:37 gremlin-1 exo[1143694]: [ 01:11:37.137 | DEBUG    | exo.master.api:_log_requests:199 ] API request: GET /state
Feb 14 01:11:37 gremlin-1 exo[1143694]: [ 01:11:37.328 | DEBUG    | exo.worker.main:_forward_events:339 ] Worker published event 194: NodeGatheredInfo(event_id='ab65fe88-171b-41cb-b18a-b526d7cfa2f5' node_id='12D3KooWC744SKP9gHWpWVAYSR
Feb 14 01:11:37 gremlin-1 exo[1143694]: [ 01:11:37.328 | DEBUG    | exo.master.main:_event_processor:386 ] Master indexing event: NodeGatheredInfo(event_id='ab65fe88-171b-41cb-b18a-b526d7cfa2f5' node_id='12D3KooWC744SKP9gHWpWVAYSR
Feb 14 01:11:38 gremlin-1 exo[1143694]: [ 01:11:38.134 | DEBUG    | exo.master.api:_log_requests:199 ] API request: GET /state
Feb 14 01:11:38 gremlin-1 exo[1143694]: [ 01:11:38.329 | DEBUG    | exo.worker.main:_forward_events:339 ] Worker published event 195: NodeGatheredInfo(event_id='90f75ad2-7aa6-4859-a8be-6f2399f261fb' node_id='12D3KooWC744SKP9gHWpWVAYSR
Feb 14 01:11:38 gremlin-1 exo[1143694]: [ 01:11:38.329 | DEBUG    | exo.master.main:_event_processor:386 ] Master indexing event: NodeGatheredInfo(event_id='90f75ad2-7aa6-4859-a8be-6f2399f261fb' node_id='12D3KooWC744SKP9gHWpWVAYSR
Feb 14 01:11:39 gremlin-1 exo[1143694]: [ 01:11:39.140 | DEBUG    | exo.master.api:_log_requests:199 ] API request: GET /state
Feb 14 01:11:39 gremlin-1 exo[1143694]: [ 01:11:39.330 | DEBUG    | exo.worker.main:_forward_events:339 ] Worker published event 196: NodeGatheredInfo(event_id='1c8e262c-b1ce-40a8-8355-1c70825a8610' node_id='12D3KooWC744SKP9gHWpWVAYSR
Feb 14 01:11:39 gremlin-1 exo[1143694]: [ 01:11:39.330 | DEBUG    | exo.master.main:_event_processor:386 ] Master indexing event: NodeGatheredInfo(event_id='1c8e262c-b1ce-40a8-8355-1c70825a8610' node_id='12D3KooWC744SKP9gHWpWVAYSR
Feb 14 01:11:40 gremlin-1 exo[1143694]: [ 01:11:40.139 | DEBUG    | exo.master.api:_log_requests:199 ] API request: GET /state
Feb 14 01:11:40 gremlin-1 exo[1143694]: [ 01:11:40.331 | DEBUG    | exo.worker.main:_forward_events:339 ] Worker published event 197: NodeGatheredInfo(event_id='4cf188bd-12e6-4323-a795-26ceb31f66f9' node_id='12D3KooWC744SKP9gHWpWVAYSR
Feb 14 01:11:40 gremlin-1 exo[1143694]: [ 01:11:40.331 | DEBUG    | exo.master.main:_event_processor:386 ] Master indexing event: NodeGatheredInfo(event_id='4cf188bd-12e6-4323-a795-26ceb31f66f9' node_id='12D3KooWC744SKP9gHWpWVAYSR
Feb 14 01:11:41 gremlin-1 exo[1143694]: [ 01:11:41.141 | DEBUG    | exo.master.api:_log_requests:199 ] API request: GET /state
Feb 14 01:11:41 gremlin-1 exo[1143694]: [ 01:11:41.332 | DEBUG    | exo.worker.main:_forward_events:339 ] Worker published event 198: NodeGatheredInfo(event_id='e7ec4d39-43e0-44db-a0c2-ad94fb2e6c50' node_id='12D3KooWC744SKP9gHWpWVAYSR
Feb 14 01:11:41 gremlin-1 exo[1143694]: [ 01:11:41.332 | DEBUG    | exo.master.main:_event_processor:386 ] Master indexing event: NodeGatheredInfo(event_id='e7ec4d39-43e0-44db-a0c2-ad94fb2e6c50' node_id='12D3KooWC744SKP9gHWpWVAYSR
Feb 14 01:11:42 gremlin-1 exo[1143694]: [ 01:11:42.140 | DEBUG    | exo.master.api:_log_requests:199 ] API request: GET /state
Feb 14 01:11:42 gremlin-1 exo[1143694]: [ 01:11:42.333 | DEBUG    | exo.worker.main:_forward_events:339 ] Worker published event 199: NodeGatheredInfo(event_id='ebc319f9-42d6-4856-8c4e-817c5b40cb5f' node_id='12D3KooWC744SKP9gHWpWVAYSR
Feb 14 01:11:42 gremlin-1 exo[1143694]: [ 01:11:42.334 | DEBUG    | exo.master.main:_event_processor:386 ] Master indexing event: NodeGatheredInfo(event_id='ebc319f9-42d6-4856-8c4e-817c5b40cb5f' node_id='12D3KooWC744SKP9gHWpWVAYSR
Feb 14 01:11:42 gremlin-1 exo[1143694]: [ 01:11:42.603 | DEBUG    | exo.master.api:_log_requests:199 ] API request: GET /instance/previews
Feb 14 01:11:43 gremlin-1 exo[1143694]: [ 01:11:43.154 | DEBUG    | exo.master.api:_log_requests:199 ] API request: GET /state
Feb 14 01:11:43 gremlin-1 exo[1143694]: [ 01:11:43.334 | DEBUG    | exo.worker.main:_forward_events:339 ] Worker published event 200: NodeGatheredInfo(event_id='cf37b6ef-4d6d-4ef9-bf76-edd5a6f493a5' node_id='12D3KooWC744SKP9gHWpWVAYSR
Feb 14 01:11:43 gremlin-1 exo[1143694]: [ 01:11:43.334 | DEBUG    | exo.master.main:_event_processor:386 ] Master indexing event: NodeGatheredInfo(event_id='cf37b6ef-4d6d-4ef9-bf76-edd5a6f493a5' node_id='12D3KooWC744SKP9gHWpWVAYSR
Feb 14 01:11:44 gremlin-1 exo[1143694]: [ 01:11:44.167 | DEBUG    | exo.master.api:_log_requests:199 ] API request: GET /state
Feb 14 01:11:44 gremlin-1 exo[1143694]: [ 01:11:44.336 | DEBUG    | exo.worker.main:_forward_events:339 ] Worker published event 201: NodeGatheredInfo(event_id='5b1cb208-6ce4-4d3a-83d6-e51455ee452a' node_id='12D3KooWC744SKP9gHWpWVAYSR
Feb 14 01:11:44 gremlin-1 exo[1143694]: [ 01:11:44.339 | DEBUG    | exo.master.main:_event_processor:386 ] Master indexing event: NodeGatheredInfo(event_id='5b1cb208-6ce4-4d3a-83d6-e51455ee452a' node_id='12D3KooWC744SKP9gHWpWVAYSR
Feb 14 01:11:45 gremlin-1 exo[1143694]: [ 01:11:45.158 | DEBUG    | exo.master.api:_log_requests:199 ] API request: GET /state
Feb 14 01:11:45 gremlin-1 exo[1143694]: [ 01:11:45.335 | DEBUG    | exo.worker.main:_forward_events:339 ] Worker published event 202: NodeGatheredInfo(event_id='274dba45-0d3f-45e9-b638-07426b51e80d' node_id='12D3KooWC744SKP9gHWpWVAYSR
Feb 14 01:11:45 gremlin-1 exo[1143694]: [ 01:11:45.336 | DEBUG    | exo.master.main:_event_processor:386 ] Master indexing event: NodeGatheredInfo(event_id='274dba45-0d3f-45e9-b638-07426b51e80d' node_id='12D3KooWC744SKP9gHWpWVAYSR
Feb 14 01:11:45 gremlin-1 exo[1143694]: [ 01:11:45.340 | DEBUG    | exo.worker.main:_forward_events:339 ] Worker published event 203: NodeGatheredInfo(event_id='7258e639-7814-447a-8fff-7dd9af5302c3' node_id='12D3KooWC744SKP9gHWpWVAYSR
Feb 14 01:11:45 gremlin-1 exo[1143694]: [ 01:11:45.341 | DEBUG    | exo.master.main:_event_processor:386 ] Master indexing event: NodeGatheredInfo(event_id='7258e639-7814-447a-8fff-7dd9af5302c3' node_id='12D3KooWC744SKP9gHWpWVAYSR
Feb 14 01:11:46 gremlin-1 exo[1143694]: [ 01:11:46.158 | DEBUG    | exo.master.api:_log_requests:199 ] API request: GET /state
Feb 14 01:11:46 gremlin-1 exo[1143694]: [ 01:11:46.340 | DEBUG    | exo.worker.main:_forward_events:339 ] Worker published event 204: NodeGatheredInfo(event_id='f7dac194-60cb-4a56-b8fa-bc38448c47d4' node_id='12D3KooWC744SKP9gHWpWVAYSR
Feb 14 01:11:46 gremlin-1 exo[1143694]: [ 01:11:46.342 | DEBUG    | exo.master.main:_event_processor:386 ] Master indexing event: NodeGatheredInfo(event_id='f7dac194-60cb-4a56-b8fa-bc38448c47d4' node_id='12D3KooWC744SKP9gHWpWVAYSR
Feb 14 01:11:47 gremlin-1 exo[1143694]: [ 01:11:47.170 | DEBUG    | exo.master.api:_log_requests:199 ] API request: GET /state
Feb 14 01:11:47 gremlin-1 exo[1143694]: [ 01:11:47.342 | DEBUG    | exo.worker.main:_forward_events:339 ] Worker published event 205: NodeGatheredInfo(event_id='72a4f832-2bc0-4ade-92b9-554e15282542' node_id='12D3KooWC744SKP9gHWpWVAYSR
Feb 14 01:11:47 gremlin-1 exo[1143694]: [ 01:11:47.342 | DEBUG    | exo.master.main:_event_processor:386 ] Master indexing event: NodeGatheredInfo(event_id='72a4f832-2bc0-4ade-92b9-554e15282542' node_id='12D3KooWC744SKP9gHWpWVAYSR
Feb 14 01:11:48 gremlin-1 exo[1143694]: [ 01:11:48.172 | DEBUG    | exo.master.api:_log_requests:199 ] API request: GET /state
Feb 14 01:11:48 gremlin-1 exo[1143694]: [ 01:11:48.342 | DEBUG    | exo.worker.main:_forward_events:339 ] Worker published event 206: NodeGatheredInfo(event_id='0b8abf31-3d90-499f-b569-a76b7477447a' node_id='12D3KooWC744SKP9gHWpWVAYSR
Feb 14 01:11:48 gremlin-1 exo[1143694]: [ 01:11:48.343 | DEBUG    | exo.master.main:_event_processor:386 ] Master indexing event: NodeGatheredInfo(event_id='0b8abf31-3d90-499f-b569-a76b7477447a' node_id='12D3KooWC744SKP9gHWpWVAYSR
Feb 14 01:11:49 gremlin-1 exo[1143694]: [ 01:11:49.174 | DEBUG    | exo.master.api:_log_requests:199 ] API request: GET /state
Feb 14 01:11:49 gremlin-1 exo[1143694]: [ 01:11:49.344 | DEBUG    | exo.worker.main:_forward_events:339 ] Worker published event 207: NodeGatheredInfo(event_id='4cac8183-6995-4761-ad51-5522ea006866' node_id='12D3KooWC744SKP9gHWpWVAYSR
Feb 14 01:11:49 gremlin-1 exo[1143694]: [ 01:11:49.344 | DEBUG    | exo.master.main:_event_processor:386 ] Master indexing event: NodeGatheredInfo(event_id='4cac8183-6995-4761-ad51-5522ea006866' node_id='12D3KooWC744SKP9gHWpWVAYSR
Feb 14 01:11:50 gremlin-1 exo[1143694]: [ 01:11:50.175 | DEBUG    | exo.master.api:_log_requests:199 ] API request: GET /state
Feb 14 01:11:50 gremlin-1 exo[1143694]: [ 01:11:50.344 | DEBUG    | exo.worker.main:_forward_events:339 ] Worker published event 208: NodeGatheredInfo(event_id='dfbee33f-1895-47c1-8177-1ffd22451b97' node_id='12D3KooWC744SKP9gHWpWVAYSR
Feb 14 01:11:50 gremlin-1 exo[1143694]: [ 01:11:50.345 | DEBUG    | exo.master.main:_event_processor:386 ] Master indexing event: NodeGatheredInfo(event_id='dfbee33f-1895-47c1-8177-1ffd22451b97' node_id='12D3KooWC744SKP9gHWpWVAYSR
Feb 14 01:11:51 gremlin-1 exo[1143694]: [ 01:11:51.186 | DEBUG    | exo.master.api:_log_requests:199 ] API request: GET /state
Feb 14 01:11:51 gremlin-1 exo[1143694]: [ 01:11:51.345 | DEBUG    | exo.worker.main:_forward_events:339 ] Worker published event 209: NodeGatheredInfo(event_id='01522019-3fb1-475c-81e1-04e5002823c4' node_id='12D3KooWC744SKP9gHWpWVAYSR
Feb 14 01:11:51 gremlin-1 exo[1143694]: [ 01:11:51.346 | DEBUG    | exo.master.main:_event_processor:386 ] Master indexing event: NodeGatheredInfo(event_id='01522019-3fb1-475c-81e1-04e5002823c4' node_id='12D3KooWC744SKP9gHWpWVAYSR
Feb 14 01:11:52 gremlin-1 exo[1143694]: [ 01:11:52.185 | DEBUG    | exo.master.api:_log_requests:199 ] API request: GET /state
Feb 14 01:11:52 gremlin-1 exo[1143694]: [ 01:11:52.347 | DEBUG    | exo.worker.main:_forward_events:339 ] Worker published event 210: NodeGatheredInfo(event_id='91575b24-a7e0-4667-a924-aaae548390b8' node_id='12D3KooWC744SKP9gHWpWVAYSR
Feb 14 01:11:52 gremlin-1 exo[1143694]: [ 01:11:52.347 | DEBUG    | exo.master.main:_event_processor:386 ] Master indexing event: NodeGatheredInfo(event_id='91575b24-a7e0-4667-a924-aaae548390b8' node_id='12D3KooWC744SKP9gHWpWVAYSR
Feb 14 01:11:53 gremlin-1 exo[1143694]: [ 01:11:53.278 | DEBUG    | exo.master.api:_log_requests:199 ] API request: GET /state
Feb 14 01:11:53 gremlin-1 exo[1143694]: [ 01:11:53.348 | DEBUG    | exo.worker.main:_forward_events:339 ] Worker published event 211: NodeGatheredInfo(event_id='1b70946f-eb56-4661-9709-a4f8de1cebd7' node_id='12D3KooWC744SKP9gHWpWVAYSR
Feb 14 01:11:53 gremlin-1 exo[1143694]: [ 01:11:53.349 | DEBUG    | exo.master.main:_event_processor:386 ] Master indexing event: NodeGatheredInfo(event_id='1b70946f-eb56-4661-9709-a4f8de1cebd7' node_id='12D3KooWC744SKP9gHWpWVAYSR
Feb 14 01:11:54 gremlin-1 exo[1143694]: [ 01:11:54.278 | DEBUG    | exo.master.api:_log_requests:199 ] API request: GET /state
Feb 14 01:11:54 gremlin-1 exo[1143694]: [ 01:11:54.349 | DEBUG    | exo.worker.main:_forward_events:339 ] Worker published event 212: NodeGatheredInfo(event_id='e52c54c7-30d0-485f-ae0b-e3ec1da5581d' node_id='12D3KooWC744SKP9gHWpWVAYSR
Feb 14 01:11:54 gremlin-1 exo[1143694]: [ 01:11:54.350 | DEBUG    | exo.master.main:_event_processor:386 ] Master indexing event: NodeGatheredInfo(event_id='e52c54c7-30d0-485f-ae0b-e3ec1da5581d' node_id='12D3KooWC744SKP9gHWpWVAYSR
Feb 14 01:11:55 gremlin-1 exo[1143694]: [ 01:11:55.292 | DEBUG    | exo.master.api:_log_requests:199 ] API request: GET /state
Feb 14 01:11:55 gremlin-1 exo[1143694]: [ 01:11:55.350 | DEBUG    | exo.worker.main:_forward_events:339 ] Worker published event 213: NodeGatheredInfo(event_id='faa4e53b-a543-43b7-881f-5294f02c691f' node_id='12D3KooWC744SKP9gHWpWVAYSR
Feb 14 01:11:55 gremlin-1 exo[1143694]: [ 01:11:55.351 | DEBUG    | exo.worker.main:_forward_events:339 ] Worker published event 214: NodeGatheredInfo(event_id='aa804066-c174-4adc-8248-42e04e2c99df' node_id='12D3KooWC744SKP9gHWpWVAYSR
Feb 14 01:11:55 gremlin-1 exo[1143694]: [ 01:11:55.352 | DEBUG    | exo.master.main:_event_processor:386 ] Master indexing event: NodeGatheredInfo(event_id='faa4e53b-a543-43b7-881f-5294f02c691f' node_id='12D3KooWC744SKP9gHWpWVAYSR
Feb 14 01:11:55 gremlin-1 exo[1143694]: [ 01:11:55.354 | DEBUG    | exo.master.main:_event_processor:386 ] Master indexing event: NodeGatheredInfo(event_id='aa804066-c174-4adc-8248-42e04e2c99df' node_id='12D3KooWC744SKP9gHWpWVAYSR
Feb 14 01:11:56 gremlin-1 exo[1143694]: [ 01:11:56.291 | DEBUG    | exo.master.api:_log_requests:199 ] API request: GET /state
Feb 14 01:11:56 gremlin-1 exo[1143694]: [ 01:11:56.352 | DEBUG    | exo.worker.main:_forward_events:339 ] Worker published event 215: NodeGatheredInfo(event_id='af20480f-0a6f-4fd7-958d-84b16ded493d' node_id='12D3KooWC744SKP9gHWpWVAYSR
Feb 14 01:11:56 gremlin-1 exo[1143694]: [ 01:11:56.352 | DEBUG    | exo.master.main:_event_processor:386 ] Master indexing event: NodeGatheredInfo(event_id='af20480f-0a6f-4fd7-958d-84b16ded493d' node_id='12D3KooWC744SKP9gHWpWVAYSR
Feb 14 01:11:57 gremlin-1 exo[1143694]: [ 01:11:57.353 | DEBUG    | exo.worker.main:_forward_events:339 ] Worker published event 216: NodeGatheredInfo(event_id='785f7263-2ba4-4add-8c68-f416eed78fe7' node_id='12D3KooWC744SKP9gHWpWVAYSR
Feb 14 01:11:57 gremlin-1 exo[1143694]: [ 01:11:57.356 | DEBUG    | exo.master.main:_event_processor:386 ] Master indexing event: NodeGatheredInfo(event_id='785f7263-2ba4-4add-8c68-f416eed78fe7' node_id='12D3KooWC744SKP9gHWpWVAYSR
Feb 14 01:11:57 gremlin-1 exo[1143694]: [ 01:11:57.384 | DEBUG    | exo.master.api:_log_requests:199 ] API request: GET /state
Feb 14 01:11:57 gremlin-1 exo[1143694]: [ 01:11:57.603 | DEBUG    | exo.master.api:_log_requests:199 ] API request: GET /instance/previews
Feb 14 01:11:58 gremlin-1 exo[1143694]: [ 01:11:58.354 | DEBUG    | exo.worker.main:_forward_events:339 ] Worker published event 217: NodeGatheredInfo(event_id='678d7607-3fd2-4a06-97c2-3068e5b2a5ff' node_id='12D3KooWC744SKP9gHWpWVAYSR
Feb 14 01:11:58 gremlin-1 exo[1143694]: [ 01:11:58.355 | DEBUG    | exo.master.main:_event_processor:386 ] Master indexing event: NodeGatheredInfo(event_id='678d7607-3fd2-4a06-97c2-3068e5b2a5ff' node_id='12D3KooWC744SKP9gHWpWVAYSR
Feb 14 01:11:58 gremlin-1 exo[1143694]: [ 01:11:58.384 | DEBUG    | exo.master.api:_log_requests:199 ] API request: GET /state
Feb 14 01:11:59 gremlin-1 exo[1143694]: [ 01:11:59.355 | DEBUG    | exo.worker.main:_forward_events:339 ] Worker published event 218: NodeGatheredInfo(event_id='c0da0100-60e8-410a-ac33-51819d034fa2' node_id='12D3KooWC744SKP9gHWpWVAYSR
Feb 14 01:11:59 gremlin-1 exo[1143694]: [ 01:11:59.356 | DEBUG    | exo.master.main:_event_processor:386 ] Master indexing event: NodeGatheredInfo(event_id='c0da0100-60e8-410a-ac33-51819d034fa2' node_id='12D3KooWC744SKP9gHWpWVAYSR
Feb 14 01:11:59 gremlin-1 exo[1143694]: [ 01:11:59.393 | DEBUG    | exo.master.api:_log_requests:199 ] API request: GET /state
Feb 14 01:12:00 gremlin-1 exo[1143694]: [ 01:12:00.356 | DEBUG    | exo.worker.main:_forward_events:339 ] Worker published event 219: NodeGatheredInfo(event_id='48530e1e-287f-4fbf-a21b-b4565bddf20d' node_id='12D3KooWC744SKP9gHWpWVAYSR
Feb 14 01:12:00 gremlin-1 exo[1143694]: [ 01:12:00.356 | DEBUG    | exo.master.main:_event_processor:386 ] Master indexing event: NodeGatheredInfo(event_id='48530e1e-287f-4fbf-a21b-b4565bddf20d' node_id='12D3KooWC744SKP9gHWpWVAYSR
Feb 14 01:12:00 gremlin-1 exo[1143694]: [ 01:12:00.392 | DEBUG    | exo.master.api:_log_requests:199 ] API request: GET /state
Feb 14 01:12:01 gremlin-1 exo[1143694]: [ 01:12:01.356 | DEBUG    | exo.worker.main:_forward_events:339 ] Worker published event 220: NodeGatheredInfo(event_id='3ace818e-ed3e-4343-b0a4-e10c4f9238dd' node_id='12D3KooWC744SKP9gHWpWVAYSR
Feb 14 01:12:01 gremlin-1 exo[1143694]: [ 01:12:01.357 | DEBUG    | exo.master.main:_event_processor:386 ] Master indexing event: NodeGatheredInfo(event_id='3ace818e-ed3e-4343-b0a4-e10c4f9238dd' node_id='12D3KooWC744SKP9gHWpWVAYSR
Feb 14 01:12:01 gremlin-1 exo[1143694]: [ 01:12:01.501 | DEBUG    | exo.master.api:_log_requests:199 ] API request: GET /state
Feb 14 01:12:02 gremlin-1 exo[1143694]: [ 01:12:02.358 | DEBUG    | exo.worker.main:_forward_events:339 ] Worker published event 221: NodeGatheredInfo(event_id='2ed91959-48ee-4270-a86e-b4f5d94679c1' node_id='12D3KooWC744SKP9gHWpWVAYSR
Feb 14 01:12:02 gremlin-1 exo[1143694]: [ 01:12:02.358 | DEBUG    | exo.master.main:_event_processor:386 ] Master indexing event: NodeGatheredInfo(event_id='2ed91959-48ee-4270-a86e-b4f5d94679c1' node_id='12D3KooWC744SKP9gHWpWVAYSR
Feb 14 01:12:02 gremlin-1 exo[1143694]: [ 01:12:02.511 | DEBUG    | exo.master.api:_log_requests:199 ] API request: GET /state
Feb 14 01:12:03 gremlin-1 exo[1143694]: [ 01:12:03.360 | DEBUG    | exo.worker.main:_forward_events:339 ] Worker published event 222: NodeGatheredInfo(event_id='3f209336-256b-42f9-ba4d-67b12f1d3c6c' node_id='12D3KooWC744SKP9gHWpWVAYSR
Feb 14 01:12:03 gremlin-1 exo[1143694]: [ 01:12:03.361 | DEBUG    | exo.master.main:_event_processor:386 ] Master indexing event: NodeGatheredInfo(event_id='3f209336-256b-42f9-ba4d-67b12f1d3c6c' node_id='12D3KooWC744SKP9gHWpWVAYSR
Feb 14 01:12:03 gremlin-1 exo[1143694]: [ 01:12:03.508 | DEBUG    | exo.master.api:_log_requests:199 ] API request: GET /state
Feb 14 01:12:04 gremlin-1 exo[1143694]: [ 01:12:04.361 | DEBUG    | exo.worker.main:_forward_events:339 ] Worker published event 223: NodeGatheredInfo(event_id='052f1fc0-18af-4401-8e19-9c6f0b059122' node_id='12D3KooWC744SKP9gHWpWVAYSR
Feb 14 01:12:04 gremlin-1 exo[1143694]: [ 01:12:04.362 | DEBUG    | exo.master.main:_event_processor:386 ] Master indexing event: NodeGatheredInfo(event_id='052f1fc0-18af-4401-8e19-9c6f0b059122' node_id='12D3KooWC744SKP9gHWpWVAYSR
Feb 14 01:12:04 gremlin-1 exo[1143694]: [ 01:12:04.509 | DEBUG    | exo.master.api:_log_requests:199 ] API request: GET /state
Feb 14 01:12:05 gremlin-1 exo[1143694]: [ 01:12:05.375 | DEBUG    | exo.worker.main:_forward_events:339 ] Worker published event 224: NodeGatheredInfo(event_id='d70f919c-6698-42f0-8029-69e1486aaba7' node_id='12D3KooWC744SKP9gHWpWVAYSR
Feb 14 01:12:05 gremlin-1 exo[1143694]: [ 01:12:05.377 | DEBUG    | exo.worker.main:_forward_events:339 ] Worker published event 225: NodeGatheredInfo(event_id='76f33a5d-b742-49c2-b7be-a48bbf32d0f8' node_id='12D3KooWC744SKP9gHWpWVAYSR
Feb 14 01:12:05 gremlin-1 exo[1143694]: [ 01:12:05.379 | DEBUG    | exo.master.main:_event_processor:386 ] Master indexing event: NodeGatheredInfo(event_id='d70f919c-6698-42f0-8029-69e1486aaba7' node_id='12D3KooWC744SKP9gHWpWVAYSR
Feb 14 01:12:05 gremlin-1 exo[1143694]: [ 01:12:05.381 | DEBUG    | exo.master.main:_event_processor:386 ] Master indexing event: NodeGatheredInfo(event_id='76f33a5d-b742-49c2-b7be-a48bbf32d0f8' node_id='12D3KooWC744SKP9gHWpWVAYSR
Feb 14 01:12:05 gremlin-1 exo[1143694]: [ 01:12:05.524 | DEBUG    | exo.master.api:_log_requests:199 ] API request: GET /state
Feb 14 01:12:06 gremlin-1 exo[1143694]: [ 01:12:06.376 | DEBUG    | exo.worker.main:_forward_events:339 ] Worker published event 226: NodeGatheredInfo(event_id='4a0429d1-a2bc-4572-a708-207b0123da1d' node_id='12D3KooWC744SKP9gHWpWVAYSR
Feb 14 01:12:06 gremlin-1 exo[1143694]: [ 01:12:06.376 | DEBUG    | exo.master.main:_event_processor:386 ] Master indexing event: NodeGatheredInfo(event_id='4a0429d1-a2bc-4572-a708-207b0123da1d' node_id='12D3KooWC744SKP9gHWpWVAYSR
Feb 14 01:12:06 gremlin-1 exo[1143694]: [ 01:12:06.536 | DEBUG    | exo.master.api:_log_requests:199 ] API request: GET /state
Feb 14 01:12:07 gremlin-1 exo[1143694]: [ 01:12:07.377 | DEBUG    | exo.worker.main:_forward_events:339 ] Worker published event 227: NodeGatheredInfo(event_id='294cf4dd-4261-455c-b32b-0b5647016d2f' node_id='12D3KooWC744SKP9gHWpWVAYSR
Feb 14 01:12:07 gremlin-1 exo[1143694]: [ 01:12:07.378 | DEBUG    | exo.master.main:_event_processor:386 ] Master indexing event: NodeGatheredInfo(event_id='294cf4dd-4261-455c-b32b-0b5647016d2f' node_id='12D3KooWC744SKP9gHWpWVAYSR
Feb 14 01:12:07 gremlin-1 exo[1143694]: [ 01:12:07.526 | DEBUG    | exo.master.api:_log_requests:199 ] API request: GET /state
Feb 14 01:12:08 gremlin-1 exo[1143694]: [ 01:12:08.378 | DEBUG    | exo.worker.main:_forward_events:339 ] Worker published event 228: NodeGatheredInfo(event_id='e0924473-394e-4226-93ee-16e01a195d7b' node_id='12D3KooWC744SKP9gHWpWVAYSR
Feb 14 01:12:08 gremlin-1 exo[1143694]: [ 01:12:08.379 | DEBUG    | exo.master.main:_event_processor:386 ] Master indexing event: NodeGatheredInfo(event_id='e0924473-394e-4226-93ee-16e01a195d7b' node_id='12D3KooWC744SKP9gHWpWVAYSR
Feb 14 01:12:08 gremlin-1 exo[1143694]: [ 01:12:08.525 | DEBUG    | exo.master.api:_log_requests:199 ] API request: GET /state
Feb 14 01:12:09 gremlin-1 exo[1143694]: [ 01:12:09.379 | DEBUG    | exo.worker.main:_forward_events:339 ] Worker published event 229: NodeGatheredInfo(event_id='9d94c96a-58d1-4bec-99a5-bd20a82b7e78' node_id='12D3KooWC744SKP9gHWpWVAYSR
Feb 14 01:12:09 gremlin-1 exo[1143694]: [ 01:12:09.380 | DEBUG    | exo.master.main:_event_processor:386 ] Master indexing event: NodeGatheredInfo(event_id='9d94c96a-58d1-4bec-99a5-bd20a82b7e78' node_id='12D3KooWC744SKP9gHWpWVAYSR
Feb 14 01:12:09 gremlin-1 exo[1143694]: [ 01:12:09.542 | DEBUG    | exo.master.api:_log_requests:199 ] API request: GET /state
Feb 14 01:12:10 gremlin-1 exo[1143694]: [ 01:12:10.380 | DEBUG    | exo.worker.main:_forward_events:339 ] Worker published event 230: NodeGatheredInfo(event_id='44f20829-9fe8-4ca4-a7bb-c0d4e0ef4db3' node_id='12D3KooWC744SKP9gHWpWVAYSR
Feb 14 01:12:10 gremlin-1 exo[1143694]: [ 01:12:10.381 | DEBUG    | exo.master.main:_event_processor:386 ] Master indexing event: NodeGatheredInfo(event_id='44f20829-9fe8-4ca4-a7bb-c0d4e0ef4db3' node_id='12D3KooWC744SKP9gHWpWVAYSR
Feb 14 01:12:10 gremlin-1 exo[1143694]: [ 01:12:10.542 | DEBUG    | exo.master.api:_log_requests:199 ] API request: GET /state
Feb 14 01:12:11 gremlin-1 exo[1143694]: [ 01:12:11.383 | DEBUG    | exo.worker.main:_forward_events:339 ] Worker published event 231: NodeGatheredInfo(event_id='a6d2c662-4198-4a7f-8265-fa50b9bc7bae' node_id='12D3KooWC744SKP9gHWpWVAYSR
Feb 14 01:12:11 gremlin-1 exo[1143694]: [ 01:12:11.383 | DEBUG    | exo.master.main:_event_processor:386 ] Master indexing event: NodeGatheredInfo(event_id='a6d2c662-4198-4a7f-8265-fa50b9bc7bae' node_id='12D3KooWC744SKP9gHWpWVAYSR
Feb 14 01:12:11 gremlin-1 exo[1143694]: [ 01:12:11.544 | DEBUG    | exo.master.api:_log_requests:199 ] API request: GET /state
